Archive member included because of file (symbol)

C:\Users\yongchenglow\Documents\LPCXpresso_6.1.4_194\workspace\ee2024Assignment2\Lib_CMSISv1p30_LPC17xx\Debug\libCMSISv1p30_LPC17xx.a(system_LPC17xx.o)
                              ./src/main.o (SystemCoreClock)
C:\Users\yongchenglow\Documents\LPCXpresso_6.1.4_194\workspace\ee2024Assignment2\Lib_EaBaseBoard\Debug\libLib_EaBaseBoard.a(acc.o)
                              ./src/main.o (acc_init)
C:\Users\yongchenglow\Documents\LPCXpresso_6.1.4_194\workspace\ee2024Assignment2\Lib_EaBaseBoard\Debug\libLib_EaBaseBoard.a(joystick.o)
                              ./src/main.o (joystick_init)
C:\Users\yongchenglow\Documents\LPCXpresso_6.1.4_194\workspace\ee2024Assignment2\Lib_EaBaseBoard\Debug\libLib_EaBaseBoard.a(led7seg.o)
                              ./src/main.o (led7seg_init)
C:\Users\yongchenglow\Documents\LPCXpresso_6.1.4_194\workspace\ee2024Assignment2\Lib_EaBaseBoard\Debug\libLib_EaBaseBoard.a(light.o)
                              ./src/main.o (light_enable)
C:\Users\yongchenglow\Documents\LPCXpresso_6.1.4_194\workspace\ee2024Assignment2\Lib_EaBaseBoard\Debug\libLib_EaBaseBoard.a(oled.o)
                              ./src/main.o (oled_init)
C:\Users\yongchenglow\Documents\LPCXpresso_6.1.4_194\workspace\ee2024Assignment2\Lib_EaBaseBoard\Debug\libLib_EaBaseBoard.a(pca9532.o)
                              ./src/main.o (pca9532_init)
C:\Users\yongchenglow\Documents\LPCXpresso_6.1.4_194\workspace\ee2024Assignment2\Lib_EaBaseBoard\Debug\libLib_EaBaseBoard.a(rgb.o)
                              ./src/main.o (rgb_init)
C:\Users\yongchenglow\Documents\LPCXpresso_6.1.4_194\workspace\ee2024Assignment2\Lib_EaBaseBoard\Debug\libLib_EaBaseBoard.a(font5x7.o)
                              C:\Users\yongchenglow\Documents\LPCXpresso_6.1.4_194\workspace\ee2024Assignment2\Lib_EaBaseBoard\Debug\libLib_EaBaseBoard.a(oled.o) (font5x7)
C:\Users\yongchenglow\Documents\LPCXpresso_6.1.4_194\workspace\ee2024Assignment2\Lib_MCU\Debug\libLib_MCU.a(lpc17xx_gpio.o)
                              ./src/main.o (GPIO_SetDir)
C:\Users\yongchenglow\Documents\LPCXpresso_6.1.4_194\workspace\ee2024Assignment2\Lib_MCU\Debug\libLib_MCU.a(lpc17xx_i2c.o)
                              ./src/main.o (I2C_Init)
C:\Users\yongchenglow\Documents\LPCXpresso_6.1.4_194\workspace\ee2024Assignment2\Lib_MCU\Debug\libLib_MCU.a(lpc17xx_pinsel.o)
                              ./src/main.o (PINSEL_ConfigPin)
C:\Users\yongchenglow\Documents\LPCXpresso_6.1.4_194\workspace\ee2024Assignment2\Lib_MCU\Debug\libLib_MCU.a(lpc17xx_ssp.o)
                              ./src/main.o (SSP_Init)
C:\Users\yongchenglow\Documents\LPCXpresso_6.1.4_194\workspace\ee2024Assignment2\Lib_MCU\Debug\libLib_MCU.a(lpc17xx_uart.o)
                              ./src/main.o (UART_TxCmd)
C:\Users\yongchenglow\Documents\LPCXpresso_6.1.4_194\workspace\ee2024Assignment2\Lib_MCU\Debug\libLib_MCU.a(lpc17xx_clkpwr.o)
                              C:\Users\yongchenglow\Documents\LPCXpresso_6.1.4_194\workspace\ee2024Assignment2\Lib_MCU\Debug\libLib_MCU.a(lpc17xx_i2c.o) (CLKPWR_SetPCLKDiv)
c:/nxp/lpcxpresso_6.1.4_194/lpcxpresso/tools/bin/../lib/gcc/arm-none-eabi/4.6.2/armv7-m\libgcc.a(_arm_addsubdf3.o)
                              ./src/main.o (__aeabi_ui2d)
c:/nxp/lpcxpresso_6.1.4_194/lpcxpresso/tools/bin/../lib/gcc/arm-none-eabi/4.6.2/armv7-m\libgcc.a(_arm_muldivdf3.o)
                              ./src/main.o (__aeabi_ddiv)
c:/nxp/lpcxpresso_6.1.4_194/lpcxpresso/tools/bin/../lib/gcc/arm-none-eabi/4.6.2/armv7-m\libgcc.a(_arm_cmpdf2.o)
                              ./src/main.o (__aeabi_dcmpgt)
c:/nxp/lpcxpresso_6.1.4_194/lpcxpresso/tools/bin/../lib/gcc/arm-none-eabi/4.6.2/armv7-m\libgcc.a(_aeabi_uldivmod.o)
                              C:\Users\yongchenglow\Documents\LPCXpresso_6.1.4_194\workspace\ee2024Assignment2\Lib_CMSISv1p30_LPC17xx\Debug\libCMSISv1p30_LPC17xx.a(system_LPC17xx.o) (__aeabi_uldivmod)
c:/nxp/lpcxpresso_6.1.4_194/lpcxpresso/tools/bin/../lib/gcc/arm-none-eabi/4.6.2/armv7-m\libgcc.a(bpabi.o)
                              c:/nxp/lpcxpresso_6.1.4_194/lpcxpresso/tools/bin/../lib/gcc/arm-none-eabi/4.6.2/armv7-m\libgcc.a(_aeabi_uldivmod.o) (__gnu_uldivmod_helper)
c:/nxp/lpcxpresso_6.1.4_194/lpcxpresso/tools/bin/../lib/gcc/arm-none-eabi/4.6.2/armv7-m\libgcc.a(_dvmd_tls.o)
                              c:/nxp/lpcxpresso_6.1.4_194/lpcxpresso/tools/bin/../lib/gcc/arm-none-eabi/4.6.2/armv7-m\libgcc.a(_aeabi_uldivmod.o) (__aeabi_ldiv0)
c:/nxp/lpcxpresso_6.1.4_194/lpcxpresso/tools/bin/../lib/gcc/arm-none-eabi/4.6.2/armv7-m\libgcc.a(_divdi3.o)
                              c:/nxp/lpcxpresso_6.1.4_194/lpcxpresso/tools/bin/../lib/gcc/arm-none-eabi/4.6.2/armv7-m\libgcc.a(bpabi.o) (__divdi3)
c:/nxp/lpcxpresso_6.1.4_194/lpcxpresso/tools/bin/../lib/gcc/arm-none-eabi/4.6.2/armv7-m\libgcc.a(_udivdi3.o)
                              c:/nxp/lpcxpresso_6.1.4_194/lpcxpresso/tools/bin/../lib/gcc/arm-none-eabi/4.6.2/armv7-m\libgcc.a(bpabi.o) (__udivdi3)
[...]
Memory Configuration

Name             Origin             Length             Attributes
MFlash512        0x00000000         0x00080000         xr
RamLoc32         0x10000000         0x00008000         xrw
RamAHB32         0x2007c000         0x00008000         xrw
*default*        0x00000000         0xffffffff

Linker script and memory map

LOAD ./src/cr_startup_lpc17.o
LOAD ./src/main.o
LOAD C:\Users\yongchenglow\Documents\LPCXpresso_6.1.4_194\workspace\ee2024Assignment2\Lib_CMSISv1p30_LPC17xx\Debug\libCMSISv1p30_LPC17xx.a
LOAD C:\Users\yongchenglow\Documents\LPCXpresso_6.1.4_194\workspace\ee2024Assignment2\Lib_EaBaseBoard\Debug\libLib_EaBaseBoard.a
LOAD C:\Users\yongchenglow\Documents\LPCXpresso_6.1.4_194\workspace\ee2024Assignment2\Lib_MCU\Debug\libLib_MCU.a
START GROUP
LOAD c:/nxp/lpcxpresso_6.1.4_194/lpcxpresso/tools/bin/../lib/gcc/arm-none-eabi/4.6.2/armv7-m\libgcc.a
LOAD c:/nxp/lpcxpresso_6.1.4_194/lpcxpresso/tools/bin/../lib/gcc/arm-none-eabi/4.6.2/../../../../arm-none-eabi/lib/armv7-m\libc.a
LOAD c:/nxp/lpcxpresso_6.1.4_194/lpcxpresso/tools/bin/../lib/gcc/arm-none-eabi/4.6.2/../../../../arm-none-eabi/lib/armv7-m\libm.a
LOAD c:/nxp/lpcxpresso_6.1.4_194/lpcxpresso/tools/bin/../lib/gcc/arm-none-eabi/4.6.2/../../../../arm-none-eabi/lib/armv7-m\libcr_newlib_semihost.a
END GROUP
                0x00080000                __top_MFlash512 = 0x80000
                0x10008000                __top_RamLoc32 = 0x10008000
                0x20084000                __top_RamAHB32 = 0x20084000

.text           0x00000000     0x98c4
 FILL mask 0xff
                0x00000000                __vectors_start__ = ABSOLUTE (.)
 *(.isr_vector)
 .isr_vector    0x00000000       0xcc ./src/cr_startup_lpc17.o
                0x00000000                g_pfnVectors
                0x000000cc                . = ALIGN (0x4)
                0x000000cc                __section_table_start = .
                0x000000cc                __data_section_table = .
                0x000000cc        0x4 LONG 0x98cc LOADADDR (.data)
                0x000000d0        0x4 LONG 0x10000000 ADDR (.data)
                0x000000d4        0x4 LONG 0x91c SIZEOF (.data)
                0x000000d8        0x4 LONG 0x98cc LOADADDR (.data_RAM2)
                0x000000dc        0x4 LONG 0x2007c000 ADDR (.data_RAM2)
                0x000000e0        0x4 LONG 0x0 SIZEOF (.data_RAM2)
                0x000000e4                __data_section_table_end = .
                0x000000e4                __bss_section_table = .
                0x000000e4        0x4 LONG 0x1000091c ADDR (.bss)
                0x000000e8        0x4 LONG 0x478 SIZEOF (.bss)
                0x000000ec        0x4 LONG 0x2007c000 ADDR (.bss_RAM2)
                0x000000f0        0x4 LONG 0x0 SIZEOF (.bss_RAM2)
                0x000000f4                __bss_section_table_end = .
                0x000000f4                __section_table_end = .
 *(.after_vectors*)
 *(.text*)
 .text.ResetISR
                0x000000f4       0x68 ./src/cr_startup_lpc17.o
                0x000000f4                ResetISR
 .text.NMI_Handler
                0x0000015c        0x8 ./src/cr_startup_lpc17.o
                0x0000015c                NMI_Handler
 .text.HardFault_Handler
                0x00000164        0x8 ./src/cr_startup_lpc17.o
                0x00000164                HardFault_Handler
 .text.MemManage_Handler
                0x0000016c        0x8 ./src/cr_startup_lpc17.o
                0x0000016c                MemManage_Handler
 .text.BusFault_Handler
                0x00000174        0x8 ./src/cr_startup_lpc17.o
                0x00000174                BusFault_Handler
 .text.UsageFault_Handler
                0x0000017c        0x8 ./src/cr_startup_lpc17.o
                0x0000017c                UsageFault_Handler
 .text.SVCall_Handler
                0x00000184        0x8 ./src/cr_startup_lpc17.o
                0x00000184                SVCall_Handler
 .text.DebugMon_Handler
                0x0000018c        0x8 ./src/cr_startup_lpc17.o
                0x0000018c                DebugMon_Handler
 .text.PendSV_Handler
                0x00000194        0x8 ./src/cr_startup_lpc17.o
                0x00000194                PendSV_Handler
 .text.IntDefaultHandler
                0x0000019c        0x8 ./src/cr_startup_lpc17.o
                0x0000019c                RIT_IRQHandler
                0x0000019c                I2C0_IRQHandler
                0x0000019c                USBActivity_IRQHandler
                0x0000019c                PWM1_IRQHandler
                0x0000019c                I2C1_IRQHandler
                0x0000019c                EINT2_IRQHandler
                0x0000019c                UART1_IRQHandler
                0x0000019c                CANActivity_IRQHandler
                0x0000019c                TIMER3_IRQHandler
                0x0000019c                UART0_IRQHandler
                0x0000019c                IntDefaultHandler
                0x0000019c                PLL0_IRQHandler
                0x0000019c                CAN_IRQHandler
                0x0000019c                PLL1_IRQHandler
                0x0000019c                SSP0_IRQHandler
                0x0000019c                I2S_IRQHandler
                0x0000019c                I2C2_IRQHandler
                0x0000019c                RTC_IRQHandler
                0x0000019c                TIMER0_IRQHandler
                0x0000019c                SPI_IRQHandler
                0x0000019c                EINT1_IRQHandler
                0x0000019c                UART2_IRQHandler
                0x0000019c                ADC_IRQHandler
                0x0000019c                SSP1_IRQHandler
                0x0000019c                USB_IRQHandler
                0x0000019c                BOD_IRQHandler
                0x0000019c                WDT_IRQHandler
                0x0000019c                QEI_IRQHandler
                0x0000019c                EINT0_IRQHandler
                0x0000019c                DMA_IRQHandler
                0x0000019c                UART3_IRQHandler
                0x0000019c                MCPWM_IRQHandler
                0x0000019c                ENET_IRQHandler
 .text.NVIC_EnableIRQ
                0x000001a4       0x38 ./src/main.o
 .text.NVIC_DisableIRQ
                0x000001dc       0x3c ./src/main.o
 .text.NVIC_ClearPendingIRQ
                0x00000218       0x3c ./src/main.o
 .text.NVIC_SetPriority
                0x00000254       0x5c ./src/main.o
 .text.SysTick_Config
                0x000002b0       0x64 ./src/main.o
 .text.runWarning
                0x00000314       0x98 ./src/main.o
                0x00000314                runWarning
 .text.pinsel_uart3
                0x000003ac       0x38 ./src/main.o
                0x000003ac                pinsel_uart3
 .text.init_uart
                0x000003e4       0x4c ./src/main.o
                0x000003e4                init_uart
 .text.init_i2c
                0x00000430       0x5c ./src/main.o
 .text.init_ssp
                0x0000048c       0x98 ./src/main.o
 .text.init_GPIO
                0x00000524       0x44 ./src/main.o
 .text.init_lightInterrupt
                0x00000568       0x70 ./src/main.o
                0x00000568                init_lightInterrupt
 .text.SysTick_Handler
                0x000005d8       0x24 ./src/main.o
                0x000005d8                SysTick_Handler
 .text.getTicks
                0x000005fc       0x18 ./src/main.o
                0x000005fc                getTicks
 .text.change7Seg
                0x00000614       0x5c ./src/main.o
                0x00000614                change7Seg
 .text.flipLightLimits
                0x00000670       0x5c ./src/main.o
                0x00000670                flipLightLimits
 .text.getPrescalar
                0x000006cc       0xd0 ./src/main.o
                0x000006cc                getPrescalar
 .text.init_timer1Interrupt
                0x0000079c       0x80 ./src/main.o
                0x0000079c                init_timer1Interrupt
 .text.init_timer2Interrupt
                0x0000081c       0x80 ./src/main.o
                0x0000081c                init_timer2Interrupt
 .text.isSwitch4Pressed
                0x0000089c       0x64 ./src/main.o
                0x0000089c                isSwitch4Pressed
 .text.changeMode
                0x00000900       0x38 ./src/main.o
                0x00000900                changeMode
 .text.readAccelerometer
                0x00000938       0x9c ./src/main.o
                0x00000938                readAccelerometer
 .text.storePreviousAccelerometerValues
                0x000009d4       0x48 ./src/main.o
                0x000009d4                storePreviousAccelerometerValues
 .text.setAccelerometerAtZeroG
                0x00000a1c       0x70 ./src/main.o
                0x00000a1c                setAccelerometerAtZeroG
 .text.disableAllInterrupts
                0x00000a8c       0x40 ./src/main.o
                0x00000a8c                disableAllInterrupts
 .text.turnOffAllOperations
                0x00000acc       0x98 ./src/main.o
                0x00000acc                turnOffAllOperations
 .text.enableAllOperations
                0x00000b64       0x88 ./src/main.o
                0x00000b64                enableAllOperations
 .text.checkForMovement
                0x00000bec       0x8c ./src/main.o
                0x00000bec                checkForMovement
 .text.determineWarningToIssue
                0x00000c78      0x1fc ./src/main.o
                0x00000c78                determineWarningToIssue
 .text.enableInterruptsDependingOnWarning
                0x00000e74       0x30 ./src/main.o
                0x00000e74                enableInterruptsDependingOnWarning
 .text.createStringsToDisplayOnOLED
                0x00000ea4       0xcc ./src/main.o
                0x00000ea4                createStringsToDisplayOnOLED
 .text.displayStringsOnOLED
                0x00000f70       0xa0 ./src/main.o
                0x00000f70                displayStringsOnOLED
 .text.init_temp_interrupt
                0x00001010       0x48 ./src/main.o
                0x00001010                init_temp_interrupt
 .text.displayValuesOnOLED
                0x00001058       0x10 ./src/main.o
                0x00001058                displayValuesOnOLED
 .text.isFiveOrTenOrFifteenSeconds
                0x00001068       0x40 ./src/main.o
                0x00001068                isFiveOrTenOrFifteenSeconds
 .text.isFifteenSeconds
                0x000010a8       0x24 ./src/main.o
                0x000010a8                isFifteenSeconds
 .text.displayResultsOnUART
                0x000010cc      0x168 ./src/main.o
                0x000010cc                displayResultsOnUART
 .text.EINT3_IRQHandler
                0x00001234      0x1b0 ./src/main.o
                0x00001234                EINT3_IRQHandler
 .text.TIMER1_IRQHandler
                0x000013e4       0x38 ./src/main.o
                0x000013e4                TIMER1_IRQHandler
 .text.TIMER2_IRQHandler
                0x0000141c       0x2c ./src/main.o
                0x0000141c                TIMER2_IRQHandler
 .text.main     0x00001448      0x110 ./src/main.o
                0x00001448                main
 .text.check_failed
                0x00001558        0xc ./src/main.o
                0x00001558                check_failed
 .text.SystemInit
                0x00001564      0x22c C:\Users\yongchenglow\Documents\LPCXpresso_6.1.4_194\workspace\ee2024Assignment2\Lib_CMSISv1p30_LPC17xx\Debug\libCMSISv1p30_LPC17xx.a(system_LPC17xx.o)
                0x00001564                SystemInit
 .text.I2CRead  0x00001790       0x5c C:\Users\yongchenglow\Documents\LPCXpresso_6.1.4_194\workspace\ee2024Assignment2\Lib_EaBaseBoard\Debug\libLib_EaBaseBoard.a(acc.o)
 .text.I2CWrite
                0x000017ec       0x5c C:\Users\yongchenglow\Documents\LPCXpresso_6.1.4_194\workspace\ee2024Assignment2\Lib_EaBaseBoard\Debug\libLib_EaBaseBoard.a(acc.o)
 .text.getStatus
                0x00001848       0x3c C:\Users\yongchenglow\Documents\LPCXpresso_6.1.4_194\workspace\ee2024Assignment2\Lib_EaBaseBoard\Debug\libLib_EaBaseBoard.a(acc.o)
 .text.setModeControl
                0x00001884       0x30 C:\Users\yongchenglow\Documents\LPCXpresso_6.1.4_194\workspace\ee2024Assignment2\Lib_EaBaseBoard\Debug\libLib_EaBaseBoard.a(acc.o)
 .text.acc_init
                0x000018b4       0x10 C:\Users\yongchenglow\Documents\LPCXpresso_6.1.4_194\workspace\ee2024Assignment2\Lib_EaBaseBoard\Debug\libLib_EaBaseBoard.a(acc.o)
                0x000018b4                acc_init
 .text.acc_read
                0x000018c4       0xbc C:\Users\yongchenglow\Documents\LPCXpresso_6.1.4_194\workspace\ee2024Assignment2\Lib_EaBaseBoard\Debug\libLib_EaBaseBoard.a(acc.o)
                0x000018c4                acc_read
 .text.joystick_init
                0x00001980       0x28 C:\Users\yongchenglow\Documents\LPCXpresso_6.1.4_194\workspace\ee2024Assignment2\Lib_EaBaseBoard\Debug\libLib_EaBaseBoard.a(joystick.o)
                0x00001980                joystick_init
 .text.led7seg_init
                0x000019a8       0x24 C:\Users\yongchenglow\Documents\LPCXpresso_6.1.4_194\workspace\ee2024Assignment2\Lib_EaBaseBoard\Debug\libLib_EaBaseBoard.a(led7seg.o)
                0x000019a8                led7seg_init
 .text.led7seg_setChar
                0x000019cc       0x88 C:\Users\yongchenglow\Documents\LPCXpresso_6.1.4_194\workspace\ee2024Assignment2\Lib_EaBaseBoard\Debug\libLib_EaBaseBoard.a(led7seg.o)
                0x000019cc                led7seg_setChar
 .text.I2CRead  0x00001a54       0x5c C:\Users\yongchenglow\Documents\LPCXpresso_6.1.4_194\workspace\ee2024Assignment2\Lib_EaBaseBoard\Debug\libLib_EaBaseBoard.a(light.o)
 .text.I2CWrite
                0x00001ab0       0x5c C:\Users\yongchenglow\Documents\LPCXpresso_6.1.4_194\workspace\ee2024Assignment2\Lib_EaBaseBoard\Debug\libLib_EaBaseBoard.a(light.o)
 .text.readControlReg
                0x00001b0c       0x3c C:\Users\yongchenglow\Documents\LPCXpresso_6.1.4_194\workspace\ee2024Assignment2\Lib_EaBaseBoard\Debug\libLib_EaBaseBoard.a(light.o)
 .text.light_enable
                0x00001b48       0x48 C:\Users\yongchenglow\Documents\LPCXpresso_6.1.4_194\workspace\ee2024Assignment2\Lib_EaBaseBoard\Debug\libLib_EaBaseBoard.a(light.o)
                0x00001b48                light_enable
 .text.light_read
                0x00001b90       0x90 C:\Users\yongchenglow\Documents\LPCXpresso_6.1.4_194\workspace\ee2024Assignment2\Lib_EaBaseBoard\Debug\libLib_EaBaseBoard.a(light.o)
                0x00001b90                light_read
 .text.light_setRange
                0x00001c20       0xac C:\Users\yongchenglow\Documents\LPCXpresso_6.1.4_194\workspace\ee2024Assignment2\Lib_EaBaseBoard\Debug\libLib_EaBaseBoard.a(light.o)
                0x00001c20                light_setRange
 .text.light_setHiThreshold
                0x00001ccc       0x58 C:\Users\yongchenglow\Documents\LPCXpresso_6.1.4_194\workspace\ee2024Assignment2\Lib_EaBaseBoard\Debug\libLib_EaBaseBoard.a(light.o)
                0x00001ccc                light_setHiThreshold
 .text.light_setLoThreshold
                0x00001d24       0x58 C:\Users\yongchenglow\Documents\LPCXpresso_6.1.4_194\workspace\ee2024Assignment2\Lib_EaBaseBoard\Debug\libLib_EaBaseBoard.a(light.o)
                0x00001d24                light_setLoThreshold
 .text.light_setIrqInCycles
                0x00001d7c       0x48 C:\Users\yongchenglow\Documents\LPCXpresso_6.1.4_194\workspace\ee2024Assignment2\Lib_EaBaseBoard\Debug\libLib_EaBaseBoard.a(light.o)
                0x00001d7c                light_setIrqInCycles
 .text.light_clearIrqStatus
                0x00001dc4       0x3c C:\Users\yongchenglow\Documents\LPCXpresso_6.1.4_194\workspace\ee2024Assignment2\Lib_EaBaseBoard\Debug\libLib_EaBaseBoard.a(light.o)
                0x00001dc4                light_clearIrqStatus
 .text.writeCommand
                0x00001e00       0x60 C:\Users\yongchenglow\Documents\LPCXpresso_6.1.4_194\workspace\ee2024Assignment2\Lib_EaBaseBoard\Debug\libLib_EaBaseBoard.a(oled.o)
 .text.writeData
                0x00001e60       0x60 C:\Users\yongchenglow\Documents\LPCXpresso_6.1.4_194\workspace\ee2024Assignment2\Lib_EaBaseBoard\Debug\libLib_EaBaseBoard.a(oled.o)
 .text.writeDataLen
                0x00001ec0       0x8c C:\Users\yongchenglow\Documents\LPCXpresso_6.1.4_194\workspace\ee2024Assignment2\Lib_EaBaseBoard\Debug\libLib_EaBaseBoard.a(oled.o)
 .text.runInitSequence
                0x00001f4c      0x118 C:\Users\yongchenglow\Documents\LPCXpresso_6.1.4_194\workspace\ee2024Assignment2\Lib_EaBaseBoard\Debug\libLib_EaBaseBoard.a(oled.o)
 .text.oled_init
                0x00002064       0x9c C:\Users\yongchenglow\Documents\LPCXpresso_6.1.4_194\workspace\ee2024Assignment2\Lib_EaBaseBoard\Debug\libLib_EaBaseBoard.a(oled.o)
                0x00002064                oled_init
 .text.oled_putPixel
                0x00002100      0x188 C:\Users\yongchenglow\Documents\LPCXpresso_6.1.4_194\workspace\ee2024Assignment2\Lib_EaBaseBoard\Debug\libLib_EaBaseBoard.a(oled.o)
                0x00002100                oled_putPixel
 .text.oled_clearScreen
                0x00002288       0x74 C:\Users\yongchenglow\Documents\LPCXpresso_6.1.4_194\workspace\ee2024Assignment2\Lib_EaBaseBoard\Debug\libLib_EaBaseBoard.a(oled.o)
                0x00002288                oled_clearScreen
 .text.oled_putChar
                0x000022fc       0xf0 C:\Users\yongchenglow\Documents\LPCXpresso_6.1.4_194\workspace\ee2024Assignment2\Lib_EaBaseBoard\Debug\libLib_EaBaseBoard.a(oled.o)
                0x000022fc                oled_putChar
 .text.oled_putString
                0x000023ec       0x54 C:\Users\yongchenglow\Documents\LPCXpresso_6.1.4_194\workspace\ee2024Assignment2\Lib_EaBaseBoard\Debug\libLib_EaBaseBoard.a(oled.o)
                0x000023ec                oled_putString
 .text.pca9532_init
                0x00002440        0xc C:\Users\yongchenglow\Documents\LPCXpresso_6.1.4_194\workspace\ee2024Assignment2\Lib_EaBaseBoard\Debug\libLib_EaBaseBoard.a(pca9532.o)
                0x00002440                pca9532_init
 .text.rgb_init
                0x0000244c       0x28 C:\Users\yongchenglow\Documents\LPCXpresso_6.1.4_194\workspace\ee2024Assignment2\Lib_EaBaseBoard\Debug\libLib_EaBaseBoard.a(rgb.o)
                0x0000244c                rgb_init
 .text.rgb_setLeds
                0x00002474       0x5c C:\Users\yongchenglow\Documents\LPCXpresso_6.1.4_194\workspace\ee2024Assignment2\Lib_EaBaseBoard\Debug\libLib_EaBaseBoard.a(rgb.o)
                0x00002474                rgb_setLeds
 .text.GPIO_GetPointer
                0x000024d0       0x7c C:\Users\yongchenglow\Documents\LPCXpresso_6.1.4_194\workspace\ee2024Assignment2\Lib_MCU\Debug\libLib_MCU.a(lpc17xx_gpio.o)
 .text.GPIO_SetDir
                0x0000254c       0x54 C:\Users\yongchenglow\Documents\LPCXpresso_6.1.4_194\workspace\ee2024Assignment2\Lib_MCU\Debug\libLib_MCU.a(lpc17xx_gpio.o)
                0x0000254c                GPIO_SetDir
 .text.GPIO_SetValue
                0x000025a0       0x2c C:\Users\yongchenglow\Documents\LPCXpresso_6.1.4_194\workspace\ee2024Assignment2\Lib_MCU\Debug\libLib_MCU.a(lpc17xx_gpio.o)
                0x000025a0                GPIO_SetValue
 .text.GPIO_ClearValue
                0x000025cc       0x2c C:\Users\yongchenglow\Documents\LPCXpresso_6.1.4_194\workspace\ee2024Assignment2\Lib_MCU\Debug\libLib_MCU.a(lpc17xx_gpio.o)
                0x000025cc                GPIO_ClearValue
 .text.GPIO_ReadValue
                0x000025f8       0x30 C:\Users\yongchenglow\Documents\LPCXpresso_6.1.4_194\workspace\ee2024Assignment2\Lib_MCU\Debug\libLib_MCU.a(lpc17xx_gpio.o)
                0x000025f8                GPIO_ReadValue
 .text.NVIC_EnableIRQ
                0x00002628       0x38 C:\Users\yongchenglow\Documents\LPCXpresso_6.1.4_194\workspace\ee2024Assignment2\Lib_MCU\Debug\libLib_MCU.a(lpc17xx_i2c.o)
 .text.NVIC_DisableIRQ
                0x00002660       0x3c C:\Users\yongchenglow\Documents\LPCXpresso_6.1.4_194\workspace\ee2024Assignment2\Lib_MCU\Debug\libLib_MCU.a(lpc17xx_i2c.o)
 .text.I2C_getNum
                0x0000269c       0x54 C:\Users\yongchenglow\Documents\LPCXpresso_6.1.4_194\workspace\ee2024Assignment2\Lib_MCU\Debug\libLib_MCU.a(lpc17xx_i2c.o)
 .text.I2C_Start
                0x000026f0       0x44 C:\Users\yongchenglow\Documents\LPCXpresso_6.1.4_194\workspace\ee2024Assignment2\Lib_MCU\Debug\libLib_MCU.a(lpc17xx_i2c.o)
 .text.I2C_Stop
                0x00002734       0x38 C:\Users\yongchenglow\Documents\LPCXpresso_6.1.4_194\workspace\ee2024Assignment2\Lib_MCU\Debug\libLib_MCU.a(lpc17xx_i2c.o)
 .text.I2C_SendByte
                0x0000276c       0x50 C:\Users\yongchenglow\Documents\LPCXpresso_6.1.4_194\workspace\ee2024Assignment2\Lib_MCU\Debug\libLib_MCU.a(lpc17xx_i2c.o)
 .text.I2C_GetByte
                0x000027bc       0x5c C:\Users\yongchenglow\Documents\LPCXpresso_6.1.4_194\workspace\ee2024Assignment2\Lib_MCU\Debug\libLib_MCU.a(lpc17xx_i2c.o)
 .text.I2C_IntCmd
                0x00002818       0xa8 C:\Users\yongchenglow\Documents\LPCXpresso_6.1.4_194\workspace\ee2024Assignment2\Lib_MCU\Debug\libLib_MCU.a(lpc17xx_i2c.o)
                0x00002818                I2C_IntCmd
 .text.I2C_MasterHandler
                0x000028c0      0x408 C:\Users\yongchenglow\Documents\LPCXpresso_6.1.4_194\workspace\ee2024Assignment2\Lib_MCU\Debug\libLib_MCU.a(lpc17xx_i2c.o)
                0x000028c0                I2C_MasterHandler
 .text.I2C_SetClock
                0x00002cc8       0xc8 C:\Users\yongchenglow\Documents\LPCXpresso_6.1.4_194\workspace\ee2024Assignment2\Lib_MCU\Debug\libLib_MCU.a(lpc17xx_i2c.o)
                0x00002cc8                I2C_SetClock
 .text.I2C_Init
                0x00002d90       0xd8 C:\Users\yongchenglow\Documents\LPCXpresso_6.1.4_194\workspace\ee2024Assignment2\Lib_MCU\Debug\libLib_MCU.a(lpc17xx_i2c.o)
                0x00002d90                I2C_Init
 .text.I2C_Cmd  0x00002e68       0x84 C:\Users\yongchenglow\Documents\LPCXpresso_6.1.4_194\workspace\ee2024Assignment2\Lib_MCU\Debug\libLib_MCU.a(lpc17xx_i2c.o)
                0x00002e68                I2C_Cmd
 .text.I2C_MasterTransferData
                0x00002eec      0x390 C:\Users\yongchenglow\Documents\LPCXpresso_6.1.4_194\workspace\ee2024Assignment2\Lib_MCU\Debug\libLib_MCU.a(lpc17xx_i2c.o)
                0x00002eec                I2C_MasterTransferData
 .text.PINSEL_SetPinFunc
                0x0000327c       0x9c C:\Users\yongchenglow\Documents\LPCXpresso_6.1.4_194\workspace\ee2024Assignment2\Lib_MCU\Debug\libLib_MCU.a(lpc17xx_pinsel.o)
                0x0000327c                PINSEL_SetPinFunc
 .text.PINSEL_SetResistorMode
                0x00003318       0x9c C:\Users\yongchenglow\Documents\LPCXpresso_6.1.4_194\workspace\ee2024Assignment2\Lib_MCU\Debug\libLib_MCU.a(lpc17xx_pinsel.o)
                0x00003318                PINSEL_SetResistorMode
 .text.PINSEL_SetOpenDrainMode
                0x000033b4       0x7c C:\Users\yongchenglow\Documents\LPCXpresso_6.1.4_194\workspace\ee2024Assignment2\Lib_MCU\Debug\libLib_MCU.a(lpc17xx_pinsel.o)
                0x000033b4                PINSEL_SetOpenDrainMode
 .text.PINSEL_ConfigPin
                0x00003430       0x54 C:\Users\yongchenglow\Documents\LPCXpresso_6.1.4_194\workspace\ee2024Assignment2\Lib_MCU\Debug\libLib_MCU.a(lpc17xx_pinsel.o)
                0x00003430                PINSEL_ConfigPin
 .text.SSP_getNum
                0x00003484       0x40 C:\Users\yongchenglow\Documents\LPCXpresso_6.1.4_194\workspace\ee2024Assignment2\Lib_MCU\Debug\libLib_MCU.a(lpc17xx_ssp.o)
 .text.SSP_IntHandler
                0x000034c4      0x338 C:\Users\yongchenglow\Documents\LPCXpresso_6.1.4_194\workspace\ee2024Assignment2\Lib_MCU\Debug\libLib_MCU.a(lpc17xx_ssp.o)
                0x000034c4                SSP_IntHandler
 .text.SSP_SetClock
                0x000037fc       0xf8 C:\Users\yongchenglow\Documents\LPCXpresso_6.1.4_194\workspace\ee2024Assignment2\Lib_MCU\Debug\libLib_MCU.a(lpc17xx_ssp.o)
                0x000037fc                SSP_SetClock
 .text.SSP_Init
                0x000038f4      0x10c C:\Users\yongchenglow\Documents\LPCXpresso_6.1.4_194\workspace\ee2024Assignment2\Lib_MCU\Debug\libLib_MCU.a(lpc17xx_ssp.o)
                0x000038f4                SSP_Init
 .text.SSP_ConfigStructInit
                0x00003a00       0x48 C:\Users\yongchenglow\Documents\LPCXpresso_6.1.4_194\workspace\ee2024Assignment2\Lib_MCU\Debug\libLib_MCU.a(lpc17xx_ssp.o)
                0x00003a00                SSP_ConfigStructInit
 .text.SSP_Cmd  0x00003a48       0x7c C:\Users\yongchenglow\Documents\LPCXpresso_6.1.4_194\workspace\ee2024Assignment2\Lib_MCU\Debug\libLib_MCU.a(lpc17xx_ssp.o)
                0x00003a48                SSP_Cmd
 .text.SSP_SendData
                0x00003ac4       0x48 C:\Users\yongchenglow\Documents\LPCXpresso_6.1.4_194\workspace\ee2024Assignment2\Lib_MCU\Debug\libLib_MCU.a(lpc17xx_ssp.o)
                0x00003ac4                SSP_SendData
 .text.SSP_ReceiveData
                0x00003b0c       0x44 C:\Users\yongchenglow\Documents\LPCXpresso_6.1.4_194\workspace\ee2024Assignment2\Lib_MCU\Debug\libLib_MCU.a(lpc17xx_ssp.o)
                0x00003b0c                SSP_ReceiveData
 .text.SSP_ReadWrite
                0x00003b50      0x440 C:\Users\yongchenglow\Documents\LPCXpresso_6.1.4_194\workspace\ee2024Assignment2\Lib_MCU\Debug\libLib_MCU.a(lpc17xx_ssp.o)
                0x00003b50                SSP_ReadWrite
 .text.uart_set_divisors
                0x00003f90      0x26c C:\Users\yongchenglow\Documents\LPCXpresso_6.1.4_194\workspace\ee2024Assignment2\Lib_MCU\Debug\libLib_MCU.a(lpc17xx_uart.o)
                0x00003f90                uart_set_divisors
 .text.UART_Init
                0x000041fc      0x368 C:\Users\yongchenglow\Documents\LPCXpresso_6.1.4_194\workspace\ee2024Assignment2\Lib_MCU\Debug\libLib_MCU.a(lpc17xx_uart.o)
                0x000041fc                UART_Init
 .text.UART_SendData
                0x00004564       0x78 C:\Users\yongchenglow\Documents\LPCXpresso_6.1.4_194\workspace\ee2024Assignment2\Lib_MCU\Debug\libLib_MCU.a(lpc17xx_uart.o)
                0x00004564                UART_SendData
 .text.UART_TxCmd
                0x000045dc       0xe8 C:\Users\yongchenglow\Documents\LPCXpresso_6.1.4_194\workspace\ee2024Assignment2\Lib_MCU\Debug\libLib_MCU.a(lpc17xx_uart.o)
                0x000045dc                UART_TxCmd
 .text.UART_Send
                0x000046c4      0x10c C:\Users\yongchenglow\Documents\LPCXpresso_6.1.4_194\workspace\ee2024Assignment2\Lib_MCU\Debug\libLib_MCU.a(lpc17xx_uart.o)
                0x000046c4                UART_Send
 .text.CLKPWR_SetPCLKDiv
                0x000047d0       0xcc C:\Users\yongchenglow\Documents\LPCXpresso_6.1.4_194\workspace\ee2024Assignment2\Lib_MCU\Debug\libLib_MCU.a(lpc17xx_clkpwr.o)
                0x000047d0                CLKPWR_SetPCLKDiv
 .text.CLKPWR_GetPCLKSEL
                0x0000489c       0x54 C:\Users\yongchenglow\Documents\LPCXpresso_6.1.4_194\workspace\ee2024Assignment2\Lib_MCU\Debug\libLib_MCU.a(lpc17xx_clkpwr.o)
                0x0000489c                CLKPWR_GetPCLKSEL
 .text.CLKPWR_GetPCLK
                0x000048f0       0x74 C:\Users\yongchenglow\Documents\LPCXpresso_6.1.4_194\workspace\ee2024Assignment2\Lib_MCU\Debug\libLib_MCU.a(lpc17xx_clkpwr.o)
                0x000048f0                CLKPWR_GetPCLK
 .text.CLKPWR_ConfigPPWR
                0x00004964       0x78 C:\Users\yongchenglow\Documents\LPCXpresso_6.1.4_194\workspace\ee2024Assignment2\Lib_MCU\Debug\libLib_MCU.a(lpc17xx_clkpwr.o)
                0x00004964                CLKPWR_ConfigPPWR
 .text          0x000049dc      0x370 c:/nxp/lpcxpresso_6.1.4_194/lpcxpresso/tools/bin/../lib/gcc/arm-none-eabi/4.6.2/armv7-m\libgcc.a(_arm_addsubdf3.o)
                0x000049dc                __aeabi_drsub
                0x000049e4                __aeabi_dsub
                0x000049e4                __subdf3
                0x000049e8                __aeabi_dadd
                0x000049e8                __adddf3
                0x00004c60                __floatunsidf
                0x00004c60                __aeabi_ui2d
                0x00004c80                __floatsidf
                0x00004c80                __aeabi_i2d
                0x00004ca4                __aeabi_f2d
                0x00004ca4                __extendsfdf2
                0x00004ce0                __floatundidf
                0x00004ce0                __aeabi_ul2d
                0x00004cf0                __floatdidf
                0x00004cf0                __aeabi_l2d
 .text          0x00004d4c      0x424 c:/nxp/lpcxpresso_6.1.4_194/lpcxpresso/tools/bin/../lib/gcc/arm-none-eabi/4.6.2/armv7-m\libgcc.a(_arm_muldivdf3.o)
                0x00004d4c                __aeabi_dmul
                0x00004d4c                __muldf3
                0x00004fa0                __divdf3
                0x00004fa0                __aeabi_ddiv
 .text          0x00005170      0x110 c:/nxp/lpcxpresso_6.1.4_194/lpcxpresso/tools/bin/../lib/gcc/arm-none-eabi/4.6.2/armv7-m\libgcc.a(_arm_cmpdf2.o)
                0x00005170                __gtdf2
                0x00005170                __gedf2
                0x00005178                __ltdf2
                0x00005178                __ledf2
                0x00005180                __nedf2
                0x00005180                __eqdf2
                0x00005180                __cmpdf2
                0x000051fc                __aeabi_cdrcmple
                0x0000520c                __aeabi_cdcmpeq
                0x0000520c                __aeabi_cdcmple
                0x0000521c                __aeabi_dcmpeq
                0x00005230                __aeabi_dcmplt
                0x00005244                __aeabi_dcmple
                0x00005258                __aeabi_dcmpge
                0x0000526c                __aeabi_dcmpgt
 .text          0x00005280       0x2c c:/nxp/lpcxpresso_6.1.4_194/lpcxpresso/tools/bin/../lib/gcc/arm-none-eabi/4.6.2/armv7-m\libgcc.a(_aeabi_uldivmod.o)
                0x00005280                __aeabi_uldivmod
 .text          0x000052ac       0x5c c:/nxp/lpcxpresso_6.1.4_194/lpcxpresso/tools/bin/../lib/gcc/arm-none-eabi/4.6.2/armv7-m\libgcc.a(bpabi.o)
                0x000052ac                __gnu_ldivmod_helper
                0x000052dc                __gnu_uldivmod_helper
 .text          0x00005308        0x4 c:/nxp/lpcxpresso_6.1.4_194/lpcxpresso/tools/bin/../lib/gcc/arm-none-eabi/4.6.2/armv7-m\libgcc.a(_dvmd_tls.o)
                0x00005308                __aeabi_idiv0
                0x00005308                __aeabi_ldiv0
 .text          0x0000530c      0x2c8 c:/nxp/lpcxpresso_6.1.4_194/lpcxpresso/tools/bin/../lib/gcc/arm-none-eabi/4.6.2/armv7-m\libgcc.a(_divdi3.o)
                0x0000530c                __divdi3
 .text          0x000055d4      0x298 c:/nxp/lpcxpresso_6.1.4_194/lpcxpresso/tools/bin/../lib/gcc/arm-none-eabi/4.6.2/armv7-m\libgcc.a(_udivdi3.o)
                0x000055d4                __udivdi3
 .text.abs      0x0000586c        0x8 c:/nxp/lpcxpresso_6.1.4_194/lpcxpresso/tools/bin/../lib/gcc/arm-none-eabi/4.6.2/../../../../arm-none-eabi/lib/armv7-m\libc.a(lib_a-abs.o)
                0x0000586c                abs
 .text.memset   0x00005874       0x90 c:/nxp/lpcxpresso_6.1.4_194/lpcxpresso/tools/bin/../lib/gcc/arm-none-eabi/4.6.2/../../../../arm-none-eabi/lib/armv7-m\libc.a(lib_a-memset.o)
                0x00005874                memset
 .text.sprintf  0x00005904       0x50 c:/nxp/lpcxpresso_6.1.4_194/lpcxpresso/tools/bin/../lib/gcc/arm-none-eabi/4.6.2/../../../../arm-none-eabi/lib/armv7-m\libc.a(lib_a-sprintf.o)
                0x00005904                sprintf
 .text.strlen   0x00005954       0x60 c:/nxp/lpcxpresso_6.1.4_194/lpcxpresso/tools/bin/../lib/gcc/arm-none-eabi/4.6.2/../../../../arm-none-eabi/lib/armv7-m\libc.a(lib_a-strlen.o)
                0x00005954                strlen
 .text._svfprintf_r
                0x000059b4     0x1408 c:/nxp/lpcxpresso_6.1.4_194/lpcxpresso/tools/bin/../lib/gcc/arm-none-eabi/4.6.2/../../../../arm-none-eabi/lib/armv7-m\libc.a(lib_a-svfprintf.o)
                0x000059b4                _svfprintf_r
 .text.quorem   0x00006dbc      0x150 c:/nxp/lpcxpresso_6.1.4_194/lpcxpresso/tools/bin/../lib/gcc/arm-none-eabi/4.6.2/../../../../arm-none-eabi/lib/armv7-m\libc.a(lib_a-dtoa.o)
 *fill*         0x00006f0c        0x4 00
 .text._dtoa_r  0x00006f10      0xe60 c:/nxp/lpcxpresso_6.1.4_194/lpcxpresso/tools/bin/../lib/gcc/arm-none-eabi/4.6.2/../../../../arm-none-eabi/lib/armv7-m\libc.a(lib_a-dtoa.o)
                0x00006f10                _dtoa_r
 .text._localeconv_r
                0x00007d70        0xc c:/nxp/lpcxpresso_6.1.4_194/lpcxpresso/tools/bin/../lib/gcc/arm-none-eabi/4.6.2/../../../../arm-none-eabi/lib/armv7-m\libc.a(lib_a-locale.o)
                0x00007d70                _localeconv_r
 .text._malloc_r
                0x00007d7c      0x528 c:/nxp/lpcxpresso_6.1.4_194/lpcxpresso/tools/bin/../lib/gcc/arm-none-eabi/4.6.2/../../../../arm-none-eabi/lib/armv7-m\libc.a(lib_a-mallocr.o)
                0x00007d7c                _malloc_r
 .text.memchr   0x000082a4       0x84 c:/nxp/lpcxpresso_6.1.4_194/lpcxpresso/tools/bin/../lib/gcc/arm-none-eabi/4.6.2/../../../../arm-none-eabi/lib/armv7-m\libc.a(lib_a-memchr.o)
                0x000082a4                memchr
 .text.memcpy   0x00008328       0x84 c:/nxp/lpcxpresso_6.1.4_194/lpcxpresso/tools/bin/../lib/gcc/arm-none-eabi/4.6.2/../../../../arm-none-eabi/lib/armv7-m\libc.a(lib_a-memcpy.o)
                0x00008328                memcpy
 .text.__malloc_lock
                0x000083ac        0x4 c:/nxp/lpcxpresso_6.1.4_194/lpcxpresso/tools/bin/../lib/gcc/arm-none-eabi/4.6.2/../../../../arm-none-eabi/lib/armv7-m\libc.a(lib_a-mlock.o)
                0x000083ac                __malloc_lock
 .text.__malloc_unlock
                0x000083b0        0x4 c:/nxp/lpcxpresso_6.1.4_194/lpcxpresso/tools/bin/../lib/gcc/arm-none-eabi/4.6.2/../../../../arm-none-eabi/lib/armv7-m\libc.a(lib_a-mlock.o)
                0x000083b0                __malloc_unlock
 .text._Balloc  0x000083b4       0x4c c:/nxp/lpcxpresso_6.1.4_194/lpcxpresso/tools/bin/../lib/gcc/arm-none-eabi/4.6.2/../../../../arm-none-eabi/lib/armv7-m\libc.a(lib_a-mprec.o)
                0x000083b4                _Balloc
 .text._Bfree   0x00008400       0x14 c:/nxp/lpcxpresso_6.1.4_194/lpcxpresso/tools/bin/../lib/gcc/arm-none-eabi/4.6.2/../../../../arm-none-eabi/lib/armv7-m\libc.a(lib_a-mprec.o)
                0x00008400                _Bfree
 .text.__multadd
                0x00008414       0x84 c:/nxp/lpcxpresso_6.1.4_194/lpcxpresso/tools/bin/../lib/gcc/arm-none-eabi/4.6.2/../../../../arm-none-eabi/lib/armv7-m\libc.a(lib_a-mprec.o)
                0x00008414                __multadd
 .text.__hi0bits
                0x00008498       0x3c c:/nxp/lpcxpresso_6.1.4_194/lpcxpresso/tools/bin/../lib/gcc/arm-none-eabi/4.6.2/../../../../arm-none-eabi/lib/armv7-m\libc.a(lib_a-mprec.o)
                0x00008498                __hi0bits
 .text.__lo0bits
                0x000084d4       0x5c c:/nxp/lpcxpresso_6.1.4_194/lpcxpresso/tools/bin/../lib/gcc/arm-none-eabi/4.6.2/../../../../arm-none-eabi/lib/armv7-m\libc.a(lib_a-mprec.o)
                0x000084d4                __lo0bits
 .text.__i2b    0x00008530       0x14 c:/nxp/lpcxpresso_6.1.4_194/lpcxpresso/tools/bin/../lib/gcc/arm-none-eabi/4.6.2/../../../../arm-none-eabi/lib/armv7-m\libc.a(lib_a-mprec.o)
                0x00008530                __i2b
 .text.__multiply
                0x00008544      0x144 c:/nxp/lpcxpresso_6.1.4_194/lpcxpresso/tools/bin/../lib/gcc/arm-none-eabi/4.6.2/../../../../arm-none-eabi/lib/armv7-m\libc.a(lib_a-mprec.o)
                0x00008544                __multiply
 .text.__pow5mult
                0x00008688       0x98 c:/nxp/lpcxpresso_6.1.4_194/lpcxpresso/tools/bin/../lib/gcc/arm-none-eabi/4.6.2/../../../../arm-none-eabi/lib/armv7-m\libc.a(lib_a-mprec.o)
                0x00008688                __pow5mult
 .text.__lshift
                0x00008720       0xc0 c:/nxp/lpcxpresso_6.1.4_194/lpcxpresso/tools/bin/../lib/gcc/arm-none-eabi/4.6.2/../../../../arm-none-eabi/lib/armv7-m\libc.a(lib_a-mprec.o)
                0x00008720                __lshift
 .text.__mcmp   0x000087e0       0x3c c:/nxp/lpcxpresso_6.1.4_194/lpcxpresso/tools/bin/../lib/gcc/arm-none-eabi/4.6.2/../../../../arm-none-eabi/lib/armv7-m\libc.a(lib_a-mprec.o)
                0x000087e0                __mcmp
 .text.__mdiff  0x0000881c       0xd8 c:/nxp/lpcxpresso_6.1.4_194/lpcxpresso/tools/bin/../lib/gcc/arm-none-eabi/4.6.2/../../../../arm-none-eabi/lib/armv7-m\libc.a(lib_a-mprec.o)
                0x0000881c                __mdiff
 .text.__d2b    0x000088f4       0xcc c:/nxp/lpcxpresso_6.1.4_194/lpcxpresso/tools/bin/../lib/gcc/arm-none-eabi/4.6.2/../../../../arm-none-eabi/lib/armv7-m\libc.a(lib_a-mprec.o)
                0x000088f4                __d2b
 .text.__fpclassifyd
                0x000089c0       0x68 c:/nxp/lpcxpresso_6.1.4_194/lpcxpresso/tools/bin/../lib/gcc/arm-none-eabi/4.6.2/../../../../arm-none-eabi/lib/armv7-m\libc.a(lib_a-s_fpclassify.o)
                0x000089c0                __fpclassifyd
 .text._sbrk_r  0x00008a28       0x24 c:/nxp/lpcxpresso_6.1.4_194/lpcxpresso/tools/bin/../lib/gcc/arm-none-eabi/4.6.2/../../../../arm-none-eabi/lib/armv7-m\libc.a(lib_a-sbrkr.o)
                0x00008a28                _sbrk_r
 .text.__ssprint_r
                0x00008a4c       0xf8 c:/nxp/lpcxpresso_6.1.4_194/lpcxpresso/tools/bin/../lib/gcc/arm-none-eabi/4.6.2/../../../../arm-none-eabi/lib/armv7-m\libc.a(lib_a-svfiprintf.o)
                0x00008a4c                __ssprint_r
 .text._calloc_r
                0x00008b44       0x60 c:/nxp/lpcxpresso_6.1.4_194/lpcxpresso/tools/bin/../lib/gcc/arm-none-eabi/4.6.2/../../../../arm-none-eabi/lib/armv7-m\libc.a(lib_a-callocr.o)
                0x00008b44                _calloc_r
 .text._malloc_trim_r
                0x00008ba4       0xa0 c:/nxp/lpcxpresso_6.1.4_194/lpcxpresso/tools/bin/../lib/gcc/arm-none-eabi/4.6.2/../../../../arm-none-eabi/lib/armv7-m\libc.a(lib_a-freer.o)
                0x00008ba4                _malloc_trim_r
 .text._free_r  0x00008c44      0x190 c:/nxp/lpcxpresso_6.1.4_194/lpcxpresso/tools/bin/../lib/gcc/arm-none-eabi/4.6.2/../../../../arm-none-eabi/lib/armv7-m\libc.a(lib_a-freer.o)
                0x00008c44                _free_r
 .text.memmove  0x00008dd4       0xb0 c:/nxp/lpcxpresso_6.1.4_194/lpcxpresso/tools/bin/../lib/gcc/arm-none-eabi/4.6.2/../../../../arm-none-eabi/lib/armv7-m\libc.a(lib_a-memmove.o)
                0x00008dd4                memmove
 .text._realloc_r
                0x00008e84      0x3f4 c:/nxp/lpcxpresso_6.1.4_194/lpcxpresso/tools/bin/../lib/gcc/arm-none-eabi/4.6.2/../../../../arm-none-eabi/lib/armv7-m\libc.a(lib_a-reallocr.o)
                0x00008e84                _realloc_r
 .text._sbrk    0x00009278       0x3c c:/nxp/lpcxpresso_6.1.4_194/lpcxpresso/tools/bin/../lib/gcc/arm-none-eabi/4.6.2/../../../../arm-none-eabi/lib/armv7-m\libcr_newlib_semihost.a(_cr_sbrk.o)
                0x00009278                _sbrk
 .text.__check_heap_overflow
                0x000092b4       0x2c c:/nxp/lpcxpresso_6.1.4_194/lpcxpresso/tools/bin/../lib/gcc/arm-none-eabi/4.6.2/../../../../arm-none-eabi/lib/armv7-m\libcr_newlib_semihost.a(_cr_check_heap.o)
                0x000092b4                __check_heap_overflow
 .text          0x000092e0       0x50 c:/nxp/lpcxpresso_6.1.4_194/lpcxpresso/tools/bin/../lib/gcc/arm-none-eabi/4.6.2/armv7-m\libgcc.a(_arm_fixdfsi.o)
                0x000092e0                __aeabi_d2iz
                0x000092e0                __fixdfsi
 .text.__errno  0x00009330        0xc c:/nxp/lpcxpresso_6.1.4_194/lpcxpresso/tools/bin/../lib/gcc/arm-none-eabi/4.6.2/../../../../arm-none-eabi/lib/armv7-m\libc.a(lib_a-errno.o)
                0x00009330                __errno
 *(.rodata .rodata.* .constdata .constdata.*)
 .rodata        0x0000933c       0xb8 ./src/main.o
                0x0000933c                interruptDarkLowerLimit
                0x00009340                interruptDarkUpperLimit
                0x00009344                interruptLightLowerLimit
                0x00009348                interruptLightUpperLimit
                0x0000934c                displayValues
                0x00009360                messageEnterMonitor
 .rodata        0x000093f4        0x8 C:\Users\yongchenglow\Documents\LPCXpresso_6.1.4_194\workspace\ee2024Assignment2\Lib_EaBaseBoard\Debug\libLib_EaBaseBoard.a(oled.o)
 .rodata        0x000093fc      0x300 C:\Users\yongchenglow\Documents\LPCXpresso_6.1.4_194\workspace\ee2024Assignment2\Lib_EaBaseBoard\Debug\libLib_EaBaseBoard.a(font5x7.o)
                0x000093fc                font5x7
 .rodata        0x000096fc       0x18 C:\Users\yongchenglow\Documents\LPCXpresso_6.1.4_194\workspace\ee2024Assignment2\Lib_MCU\Debug\libLib_MCU.a(lpc17xx_i2c.o)
 .rodata        0x00009714       0x18 C:\Users\yongchenglow\Documents\LPCXpresso_6.1.4_194\workspace\ee2024Assignment2\Lib_MCU\Debug\libLib_MCU.a(lpc17xx_ssp.o)
 .rodata        0x0000972c       0x18 C:\Users\yongchenglow\Documents\LPCXpresso_6.1.4_194\workspace\ee2024Assignment2\Lib_MCU\Debug\libLib_MCU.a(lpc17xx_uart.o)
 .rodata.zeroes.6590
                0x00009744       0x10 c:/nxp/lpcxpresso_6.1.4_194/lpcxpresso/tools/bin/../lib/gcc/arm-none-eabi/4.6.2/../../../../arm-none-eabi/lib/armv7-m\libc.a(lib_a-svfprintf.o)
 .rodata.str1.4
                0x00009754       0x42 c:/nxp/lpcxpresso_6.1.4_194/lpcxpresso/tools/bin/../lib/gcc/arm-none-eabi/4.6.2/../../../../arm-none-eabi/lib/armv7-m\libc.a(lib_a-svfprintf.o)
                                 0x44 (size before relaxing)
 *fill*         0x00009796        0x2 00
 .rodata.blanks.6589
                0x00009798       0x10 c:/nxp/lpcxpresso_6.1.4_194/lpcxpresso/tools/bin/../lib/gcc/arm-none-eabi/4.6.2/../../../../arm-none-eabi/lib/armv7-m\libc.a(lib_a-svfprintf.o)
 .rodata.str1.4
                0x000097a8       0x10 c:/nxp/lpcxpresso_6.1.4_194/lpcxpresso/tools/bin/../lib/gcc/arm-none-eabi/4.6.2/../../../../arm-none-eabi/lib/armv7-m\libc.a(lib_a-dtoa.o)
                                 0x14 (size before relaxing)
 .rodata.str1.4
                0x000097b8        0x2 c:/nxp/lpcxpresso_6.1.4_194/lpcxpresso/tools/bin/../lib/gcc/arm-none-eabi/4.6.2/../../../../arm-none-eabi/lib/armv7-m\libc.a(lib_a-impure.o)
                                  0x4 (size before relaxing)
 *fill*         0x000097ba        0x2 00
 .rodata.str1.4
                0x000097bc        0xc c:/nxp/lpcxpresso_6.1.4_194/lpcxpresso/tools/bin/../lib/gcc/arm-none-eabi/4.6.2/../../../../arm-none-eabi/lib/armv7-m\libc.a(lib_a-locale.o)
                                 0x14 (size before relaxing)
 .rodata.__mprec_tens
                0x000097c8       0xc8 c:/nxp/lpcxpresso_6.1.4_194/lpcxpresso/tools/bin/../lib/gcc/arm-none-eabi/4.6.2/../../../../arm-none-eabi/lib/armv7-m\libc.a(lib_a-mprec.o)
                0x000097c8                __mprec_tens
 .rodata.__mprec_bigtens
                0x00009890       0x28 c:/nxp/lpcxpresso_6.1.4_194/lpcxpresso/tools/bin/../lib/gcc/arm-none-eabi/4.6.2/../../../../arm-none-eabi/lib/armv7-m\libc.a(lib_a-mprec.o)
                0x00009890                __mprec_bigtens
 .rodata.p05.5111
                0x000098b8        0xc c:/nxp/lpcxpresso_6.1.4_194/lpcxpresso/tools/bin/../lib/gcc/arm-none-eabi/4.6.2/../../../../arm-none-eabi/lib/armv7-m\libc.a(lib_a-mprec.o)
                0x000098c4                . = ALIGN (0x4)

.glue_7         0x000098c4        0x0
 .glue_7        0x00000000        0x0 linker stubs

.glue_7t        0x000098c4        0x0
 .glue_7t       0x00000000        0x0 linker stubs

.vfp11_veneer   0x000098c4        0x0
 .vfp11_veneer  0x00000000        0x0 linker stubs

.v4_bx          0x000098c4        0x0
 .v4_bx         0x00000000        0x0 linker stubs

.ARM.extab
 *(.ARM.extab* .gnu.linkonce.armextab.*)
                0x000098c4                __exidx_start = .

.ARM.exidx      0x000098c4        0x8
 *(.ARM.exidx* .gnu.linkonce.armexidx.*)
 .ARM.exidx     0x000098c4        0x8 c:/nxp/lpcxpresso_6.1.4_194/lpcxpresso/tools/bin/../lib/gcc/arm-none-eabi/4.6.2/armv7-m\libgcc.a(_divdi3.o)
 .ARM.exidx     0x000098cc        0x0 c:/nxp/lpcxpresso_6.1.4_194/lpcxpresso/tools/bin/../lib/gcc/arm-none-eabi/4.6.2/armv7-m\libgcc.a(_udivdi3.o)
                                  0x8 (size before relaxing)
                0x000098cc                __exidx_end = .
                0x000098cc                _etext = .

.data_RAM2      0x2007c000        0x0 load address 0x000098cc
 FILL mask 0xff
 *(.data.$RAM2*)
 *(.data.$RamAHB32*)
                0x2007c000                . = ALIGN (0x4)

.uninit_RESERVED
                0x10000000        0x0
 *(.bss.$RESERVED*)
                0x10000000                . = ALIGN (0x4)
                0x10000000                _end_uninit_RESERVED = .

.data           0x10000000      0x91c load address 0x000098cc
 FILL mask 0xff
                0x10000000                _data = .
 *(vtable)
 *(.data*)
 .data          0x10000000       0x48 ./src/main.o
                0x10000000                isFirstTimeEnterStable
                0x10000001                isFirstTimeEnterMonitor
                0x10000002                RGB_RED_AND_BLUE
                0x10000004                onOrOff
                0x10000008                displayHighTempWarning
                0x10000020                displayMovementInLowLight
 .data          0x10000048        0x4 C:\Users\yongchenglow\Documents\LPCXpresso_6.1.4_194\workspace\ee2024Assignment2\Lib_CMSISv1p30_LPC17xx\Debug\libCMSISv1p30_LPC17xx.a(system_LPC17xx.o)
                0x10000048                SystemCoreClock
 .data          0x1000004c       0x50 C:\Users\yongchenglow\Documents\LPCXpresso_6.1.4_194\workspace\ee2024Assignment2\Lib_EaBaseBoard\Debug\libLib_EaBaseBoard.a(led7seg.o)
 .data          0x1000009c        0x8 C:\Users\yongchenglow\Documents\LPCXpresso_6.1.4_194\workspace\ee2024Assignment2\Lib_EaBaseBoard\Debug\libLib_EaBaseBoard.a(light.o)
 *fill*         0x100000a4        0x4 00
 .data.impure_data
                0x100000a8      0x428 c:/nxp/lpcxpresso_6.1.4_194/lpcxpresso/tools/bin/../lib/gcc/arm-none-eabi/4.6.2/../../../../arm-none-eabi/lib/armv7-m\libc.a(lib_a-impure.o)
 .data._impure_ptr
                0x100004d0        0x4 c:/nxp/lpcxpresso_6.1.4_194/lpcxpresso/tools/bin/../lib/gcc/arm-none-eabi/4.6.2/../../../../arm-none-eabi/lib/armv7-m\libc.a(lib_a-impure.o)
                0x100004d0                _impure_ptr
 .data.lconv    0x100004d4       0x38 c:/nxp/lpcxpresso_6.1.4_194/lpcxpresso/tools/bin/../lib/gcc/arm-none-eabi/4.6.2/../../../../arm-none-eabi/lib/armv7-m\libc.a(lib_a-locale.o)
 .data.__malloc_av_
                0x1000050c      0x408 c:/nxp/lpcxpresso_6.1.4_194/lpcxpresso/tools/bin/../lib/gcc/arm-none-eabi/4.6.2/../../../../arm-none-eabi/lib/armv7-m\libc.a(lib_a-mallocr.o)
                0x1000050c                __malloc_av_
 .data.__malloc_trim_threshold
                0x10000914        0x4 c:/nxp/lpcxpresso_6.1.4_194/lpcxpresso/tools/bin/../lib/gcc/arm-none-eabi/4.6.2/../../../../arm-none-eabi/lib/armv7-m\libc.a(lib_a-mallocr.o)
                0x10000914                __malloc_trim_threshold
 .data.__malloc_sbrk_base
                0x10000918        0x4 c:/nxp/lpcxpresso_6.1.4_194/lpcxpresso/tools/bin/../lib/gcc/arm-none-eabi/4.6.2/../../../../arm-none-eabi/lib/armv7-m\libc.a(lib_a-mallocr.o)
                0x10000918                __malloc_sbrk_base
                0x1000091c                . = ALIGN (0x4)
                0x1000091c                _edata = .

.bss_RAM2       0x2007c000        0x0
 *(.bss.$RAM2*)
 *(.bss.$RamAHB32*)
                0x2007c000                . = ALIGN (0x4)

.bss            0x1000091c      0x478
                0x1000091c                _bss = .
 *(.bss*)
 .bss           0x1000091c       0xac ./src/main.o
                0x1000091c                mode
                0x10000920                msTicks
                0x10000924                lightLowWarning
                0x10000928                oneSecondHasReached
                0x1000092c                segCount
                0x10000930                sw4
                0x10000934                xoff
                0x10000938                yoff
                0x1000093c                zoff
                0x10000940                x
                0x10000941                y
                0x10000942                z
                0x10000943                prevX
                0x10000944                prevY
                0x10000945                prevZ
                0x10000948                isThereMovement
                0x1000094c                displayValuesToUART
                0x100009b0                message
                0x100009b4                light
                0x100009b8                temperature
                0x100009bc                tempState
                0x100009c0                temp1
                0x100009c4                temp2
 .bss           0x100009c8      0x300 C:\Users\yongchenglow\Documents\LPCXpresso_6.1.4_194\workspace\ee2024Assignment2\Lib_EaBaseBoard\Debug\libLib_EaBaseBoard.a(oled.o)
 .bss           0x10000cc8       0x24 C:\Users\yongchenglow\Documents\LPCXpresso_6.1.4_194\workspace\ee2024Assignment2\Lib_MCU\Debug\libLib_MCU.a(lpc17xx_i2c.o)
 .bss           0x10000cec       0x18 C:\Users\yongchenglow\Documents\LPCXpresso_6.1.4_194\workspace\ee2024Assignment2\Lib_MCU\Debug\libLib_MCU.a(lpc17xx_ssp.o)
 .bss.__malloc_max_total_mem
                0x10000d04        0x4 c:/nxp/lpcxpresso_6.1.4_194/lpcxpresso/tools/bin/../lib/gcc/arm-none-eabi/4.6.2/../../../../arm-none-eabi/lib/armv7-m\libc.a(lib_a-mallocr.o)
                0x10000d04                __malloc_max_total_mem
 .bss.__malloc_max_sbrked_mem
                0x10000d08        0x4 c:/nxp/lpcxpresso_6.1.4_194/lpcxpresso/tools/bin/../lib/gcc/arm-none-eabi/4.6.2/../../../../arm-none-eabi/lib/armv7-m\libc.a(lib_a-mallocr.o)
                0x10000d08                __malloc_max_sbrked_mem
 .bss.__malloc_top_pad
                0x10000d0c        0x4 c:/nxp/lpcxpresso_6.1.4_194/lpcxpresso/tools/bin/../lib/gcc/arm-none-eabi/4.6.2/../../../../arm-none-eabi/lib/armv7-m\libc.a(lib_a-mallocr.o)
                0x10000d0c                __malloc_top_pad
 .bss.__malloc_current_mallinfo
                0x10000d10       0x28 c:/nxp/lpcxpresso_6.1.4_194/lpcxpresso/tools/bin/../lib/gcc/arm-none-eabi/4.6.2/../../../../arm-none-eabi/lib/armv7-m\libc.a(lib_a-mallocr.o)
                0x10000d10                __malloc_current_mallinfo
 *(COMMON)
 COMMON         0x10000d38       0x53 ./src/main.o
                0x10000d38                OLED_TEMPERATURE
                0x10000d48                sw4PressTicks
                0x10000d4c                OLED_Z
                0x10000d5c                OLED_Y
                0x10000d6c                OLED_X
                0x10000d7b                warning
                0x10000d7c                OLED_LIGHT
 *fill*         0x10000d8b        0x1 00
 COMMON         0x10000d8c        0x4 c:/nxp/lpcxpresso_6.1.4_194/lpcxpresso/tools/bin/../lib/gcc/arm-none-eabi/4.6.2/../../../../arm-none-eabi/lib/armv7-m\libc.a(lib_a-reent.o)
                0x10000d8c                errno
 COMMON         0x10000d90        0x4 c:/nxp/lpcxpresso_6.1.4_194/lpcxpresso/tools/bin/../lib/gcc/arm-none-eabi/4.6.2/../../../../arm-none-eabi/lib/armv7-m\libcr_newlib_semihost.a(_cr_sbrk.o)
                0x10000d90                __end_of_heap
                0x10000d94                . = ALIGN (0x4)
                0x10000d94                _ebss = .
                0x10000d94                PROVIDE (end, .)

.noinit_RAM2    0x2007c000        0x0
 *(.noinit.$RAM2*)
 *(.noinit.$RamAHB32*)
                0x2007c000                . = ALIGN (0x4)

.noinit         0x10000d94        0x0
                0x10000d94                _noinit = .
 *(.noinit*)
                0x10000d94                . = ALIGN (0x4)
                0x10000d94                _end_noinit = .
                0x10000d94                PROVIDE (_pvHeapStart, .)
                0x10008000                PROVIDE (_vStackTop, (__top_RamLoc32 - 0x0))
OUTPUT(Assignment2.axf elf32-littlearm)

.debug_info     0x00000000     0x82ba
 .debug_info    0x00000000      0x209 ./src/cr_startup_lpc17.o
 .debug_info    0x00000209     0x19d6 ./src/main.o
 .debug_info    0x00001bdf      0x357 C:\Users\yongchenglow\Documents\LPCXpresso_6.1.4_194\workspace\ee2024Assignment2\Lib_CMSISv1p30_LPC17xx\Debug\libCMSISv1p30_LPC17xx.a(system_LPC17xx.o)
 .debug_info    0x00001f36      0x53d C:\Users\yongchenglow\Documents\LPCXpresso_6.1.4_194\workspace\ee2024Assignment2\Lib_EaBaseBoard\Debug\libLib_EaBaseBoard.a(acc.o)
 .debug_info    0x00002473      0x10f C:\Users\yongchenglow\Documents\LPCXpresso_6.1.4_194\workspace\ee2024Assignment2\Lib_EaBaseBoard\Debug\libLib_EaBaseBoard.a(joystick.o)
 .debug_info    0x00002582      0x282 C:\Users\yongchenglow\Documents\LPCXpresso_6.1.4_194\workspace\ee2024Assignment2\Lib_EaBaseBoard\Debug\libLib_EaBaseBoard.a(led7seg.o)
 .debug_info    0x00002804      0x763 C:\Users\yongchenglow\Documents\LPCXpresso_6.1.4_194\workspace\ee2024Assignment2\Lib_EaBaseBoard\Debug\libLib_EaBaseBoard.a(light.o)
 .debug_info    0x00002f67      0x97d C:\Users\yongchenglow\Documents\LPCXpresso_6.1.4_194\workspace\ee2024Assignment2\Lib_EaBaseBoard\Debug\libLib_EaBaseBoard.a(oled.o)
 .debug_info    0x000038e4      0x642 C:\Users\yongchenglow\Documents\LPCXpresso_6.1.4_194\workspace\ee2024Assignment2\Lib_EaBaseBoard\Debug\libLib_EaBaseBoard.a(pca9532.o)
 .debug_info    0x00003f26       0xe4 C:\Users\yongchenglow\Documents\LPCXpresso_6.1.4_194\workspace\ee2024Assignment2\Lib_EaBaseBoard\Debug\libLib_EaBaseBoard.a(rgb.o)
 .debug_info    0x0000400a       0x65 C:\Users\yongchenglow\Documents\LPCXpresso_6.1.4_194\workspace\ee2024Assignment2\Lib_EaBaseBoard\Debug\libLib_EaBaseBoard.a(font5x7.o)
 .debug_info    0x0000406f      0xb95 C:\Users\yongchenglow\Documents\LPCXpresso_6.1.4_194\workspace\ee2024Assignment2\Lib_MCU\Debug\libLib_MCU.a(lpc17xx_gpio.o)
 .debug_info    0x00004c04      0xcc3 C:\Users\yongchenglow\Documents\LPCXpresso_6.1.4_194\workspace\ee2024Assignment2\Lib_MCU\Debug\libLib_MCU.a(lpc17xx_i2c.o)
 .debug_info    0x000058c7      0x4b1 C:\Users\yongchenglow\Documents\LPCXpresso_6.1.4_194\workspace\ee2024Assignment2\Lib_MCU\Debug\libLib_MCU.a(lpc17xx_pinsel.o)
 .debug_info    0x00005d78      0x867 C:\Users\yongchenglow\Documents\LPCXpresso_6.1.4_194\workspace\ee2024Assignment2\Lib_MCU\Debug\libLib_MCU.a(lpc17xx_ssp.o)
 .debug_info    0x000065df     0x14df C:\Users\yongchenglow\Documents\LPCXpresso_6.1.4_194\workspace\ee2024Assignment2\Lib_MCU\Debug\libLib_MCU.a(lpc17xx_uart.o)
 .debug_info    0x00007abe      0x641 C:\Users\yongchenglow\Documents\LPCXpresso_6.1.4_194\workspace\ee2024Assignment2\Lib_MCU\Debug\libLib_MCU.a(lpc17xx_clkpwr.o)
 .debug_info    0x000080ff      0x106 c:/nxp/lpcxpresso_6.1.4_194/lpcxpresso/tools/bin/../lib/gcc/arm-none-eabi/4.6.2/../../../../arm-none-eabi/lib/armv7-m\libcr_newlib_semihost.a(_cr_sbrk.o)
 .debug_info    0x00008205       0xb5 c:/nxp/lpcxpresso_6.1.4_194/lpcxpresso/tools/bin/../lib/gcc/arm-none-eabi/4.6.2/../../../../arm-none-eabi/lib/armv7-m\libcr_newlib_semihost.a(_cr_check_heap.o)

.debug_abbrev   0x00000000     0x192a
 .debug_abbrev  0x00000000       0xb4 ./src/cr_startup_lpc17.o
 .debug_abbrev  0x000000b4      0x2a3 ./src/main.o
 .debug_abbrev  0x00000357       0xce C:\Users\yongchenglow\Documents\LPCXpresso_6.1.4_194\workspace\ee2024Assignment2\Lib_CMSISv1p30_LPC17xx\Debug\libCMSISv1p30_LPC17xx.a(system_LPC17xx.o)
 .debug_abbrev  0x00000425      0x15c C:\Users\yongchenglow\Documents\LPCXpresso_6.1.4_194\workspace\ee2024Assignment2\Lib_EaBaseBoard\Debug\libLib_EaBaseBoard.a(acc.o)
 .debug_abbrev  0x00000581       0x90 C:\Users\yongchenglow\Documents\LPCXpresso_6.1.4_194\workspace\ee2024Assignment2\Lib_EaBaseBoard\Debug\libLib_EaBaseBoard.a(joystick.o)
 .debug_abbrev  0x00000611      0x155 C:\Users\yongchenglow\Documents\LPCXpresso_6.1.4_194\workspace\ee2024Assignment2\Lib_EaBaseBoard\Debug\libLib_EaBaseBoard.a(led7seg.o)
 .debug_abbrev  0x00000766      0x1bd C:\Users\yongchenglow\Documents\LPCXpresso_6.1.4_194\workspace\ee2024Assignment2\Lib_EaBaseBoard\Debug\libLib_EaBaseBoard.a(light.o)
 .debug_abbrev  0x00000923      0x1f1 C:\Users\yongchenglow\Documents\LPCXpresso_6.1.4_194\workspace\ee2024Assignment2\Lib_EaBaseBoard\Debug\libLib_EaBaseBoard.a(oled.o)
 .debug_abbrev  0x00000b14      0x1aa C:\Users\yongchenglow\Documents\LPCXpresso_6.1.4_194\workspace\ee2024Assignment2\Lib_EaBaseBoard\Debug\libLib_EaBaseBoard.a(pca9532.o)
 .debug_abbrev  0x00000cbe       0x8e C:\Users\yongchenglow\Documents\LPCXpresso_6.1.4_194\workspace\ee2024Assignment2\Lib_EaBaseBoard\Debug\libLib_EaBaseBoard.a(rgb.o)
 .debug_abbrev  0x00000d4c       0x4b C:\Users\yongchenglow\Documents\LPCXpresso_6.1.4_194\workspace\ee2024Assignment2\Lib_EaBaseBoard\Debug\libLib_EaBaseBoard.a(font5x7.o)
 .debug_abbrev  0x00000d97      0x185 C:\Users\yongchenglow\Documents\LPCXpresso_6.1.4_194\workspace\ee2024Assignment2\Lib_MCU\Debug\libLib_MCU.a(lpc17xx_gpio.o)
 .debug_abbrev  0x00000f1c      0x24a C:\Users\yongchenglow\Documents\LPCXpresso_6.1.4_194\workspace\ee2024Assignment2\Lib_MCU\Debug\libLib_MCU.a(lpc17xx_i2c.o)
 .debug_abbrev  0x00001166      0x10a C:\Users\yongchenglow\Documents\LPCXpresso_6.1.4_194\workspace\ee2024Assignment2\Lib_MCU\Debug\libLib_MCU.a(lpc17xx_pinsel.o)
 .debug_abbrev  0x00001270      0x1d3 C:\Users\yongchenglow\Documents\LPCXpresso_6.1.4_194\workspace\ee2024Assignment2\Lib_MCU\Debug\libLib_MCU.a(lpc17xx_ssp.o)
 .debug_abbrev  0x00001443      0x259 C:\Users\yongchenglow\Documents\LPCXpresso_6.1.4_194\workspace\ee2024Assignment2\Lib_MCU\Debug\libLib_MCU.a(lpc17xx_uart.o)
 .debug_abbrev  0x0000169c      0x174 C:\Users\yongchenglow\Documents\LPCXpresso_6.1.4_194\workspace\ee2024Assignment2\Lib_MCU\Debug\libLib_MCU.a(lpc17xx_clkpwr.o)
 .debug_abbrev  0x00001810       0xa8 c:/nxp/lpcxpresso_6.1.4_194/lpcxpresso/tools/bin/../lib/gcc/arm-none-eabi/4.6.2/../../../../arm-none-eabi/lib/armv7-m\libcr_newlib_semihost.a(_cr_sbrk.o)
 .debug_abbrev  0x000018b8       0x72 c:/nxp/lpcxpresso_6.1.4_194/lpcxpresso/tools/bin/../lib/gcc/arm-none-eabi/4.6.2/../../../../arm-none-eabi/lib/armv7-m\libcr_newlib_semihost.a(_cr_check_heap.o)

.debug_loc      0x00000000     0x3026
 .debug_loc     0x00000000      0x1f0 ./src/cr_startup_lpc17.o
 .debug_loc     0x000001f0      0x83c ./src/main.o
 .debug_loc     0x00000a2c       0x58 C:\Users\yongchenglow\Documents\LPCXpresso_6.1.4_194\workspace\ee2024Assignment2\Lib_CMSISv1p30_LPC17xx\Debug\libCMSISv1p30_LPC17xx.a(system_LPC17xx.o)
 .debug_loc     0x00000a84      0x1f0 C:\Users\yongchenglow\Documents\LPCXpresso_6.1.4_194\workspace\ee2024Assignment2\Lib_EaBaseBoard\Debug\libLib_EaBaseBoard.a(acc.o)
 .debug_loc     0x00000c74       0x64 C:\Users\yongchenglow\Documents\LPCXpresso_6.1.4_194\workspace\ee2024Assignment2\Lib_EaBaseBoard\Debug\libLib_EaBaseBoard.a(joystick.o)
 .debug_loc     0x00000cd8       0x64 C:\Users\yongchenglow\Documents\LPCXpresso_6.1.4_194\workspace\ee2024Assignment2\Lib_EaBaseBoard\Debug\libLib_EaBaseBoard.a(led7seg.o)
 .debug_loc     0x00000d3c      0x378 C:\Users\yongchenglow\Documents\LPCXpresso_6.1.4_194\workspace\ee2024Assignment2\Lib_EaBaseBoard\Debug\libLib_EaBaseBoard.a(light.o)
 .debug_loc     0x000010b4      0x33e C:\Users\yongchenglow\Documents\LPCXpresso_6.1.4_194\workspace\ee2024Assignment2\Lib_EaBaseBoard\Debug\libLib_EaBaseBoard.a(oled.o)
 .debug_loc     0x000013f2      0x2d0 C:\Users\yongchenglow\Documents\LPCXpresso_6.1.4_194\workspace\ee2024Assignment2\Lib_EaBaseBoard\Debug\libLib_EaBaseBoard.a(pca9532.o)
 .debug_loc     0x000016c2       0x64 C:\Users\yongchenglow\Documents\LPCXpresso_6.1.4_194\workspace\ee2024Assignment2\Lib_EaBaseBoard\Debug\libLib_EaBaseBoard.a(rgb.o)
 .debug_loc     0x00001726      0x4d0 C:\Users\yongchenglow\Documents\LPCXpresso_6.1.4_194\workspace\ee2024Assignment2\Lib_MCU\Debug\libLib_MCU.a(lpc17xx_gpio.o)
 .debug_loc     0x00001bf6      0x4e4 C:\Users\yongchenglow\Documents\LPCXpresso_6.1.4_194\workspace\ee2024Assignment2\Lib_MCU\Debug\libLib_MCU.a(lpc17xx_i2c.o)
 .debug_loc     0x000020da      0x150 C:\Users\yongchenglow\Documents\LPCXpresso_6.1.4_194\workspace\ee2024Assignment2\Lib_MCU\Debug\libLib_MCU.a(lpc17xx_pinsel.o)
 .debug_loc     0x0000222a      0x448 C:\Users\yongchenglow\Documents\LPCXpresso_6.1.4_194\workspace\ee2024Assignment2\Lib_MCU\Debug\libLib_MCU.a(lpc17xx_ssp.o)
 .debug_loc     0x00002672      0x77a C:\Users\yongchenglow\Documents\LPCXpresso_6.1.4_194\workspace\ee2024Assignment2\Lib_MCU\Debug\libLib_MCU.a(lpc17xx_uart.o)
 .debug_loc     0x00002dec      0x1bc C:\Users\yongchenglow\Documents\LPCXpresso_6.1.4_194\workspace\ee2024Assignment2\Lib_MCU\Debug\libLib_MCU.a(lpc17xx_clkpwr.o)
 .debug_loc     0x00002fa8       0x55 c:/nxp/lpcxpresso_6.1.4_194/lpcxpresso/tools/bin/../lib/gcc/arm-none-eabi/4.6.2/../../../../arm-none-eabi/lib/armv7-m\libcr_newlib_semihost.a(_cr_sbrk.o)
 .debug_loc     0x00002ffd       0x29 c:/nxp/lpcxpresso_6.1.4_194/lpcxpresso/tools/bin/../lib/gcc/arm-none-eabi/4.6.2/../../../../arm-none-eabi/lib/armv7-m\libcr_newlib_semihost.a(_cr_check_heap.o)

.debug_aranges  0x00000000      0x8f0
 .debug_aranges
                0x00000000       0x70 ./src/cr_startup_lpc17.o
 .debug_aranges
                0x00000070      0x170 ./src/main.o
 .debug_aranges
                0x000001e0       0x28 C:\Users\yongchenglow\Documents\LPCXpresso_6.1.4_194\workspace\ee2024Assignment2\Lib_CMSISv1p30_LPC17xx\Debug\libCMSISv1p30_LPC17xx.a(system_LPC17xx.o)
 .debug_aranges
                0x00000208       0x60 C:\Users\yongchenglow\Documents\LPCXpresso_6.1.4_194\workspace\ee2024Assignment2\Lib_EaBaseBoard\Debug\libLib_EaBaseBoard.a(acc.o)
 .debug_aranges
                0x00000268       0x28 C:\Users\yongchenglow\Documents\LPCXpresso_6.1.4_194\workspace\ee2024Assignment2\Lib_EaBaseBoard\Debug\libLib_EaBaseBoard.a(joystick.o)
 .debug_aranges
                0x00000290       0x28 C:\Users\yongchenglow\Documents\LPCXpresso_6.1.4_194\workspace\ee2024Assignment2\Lib_EaBaseBoard\Debug\libLib_EaBaseBoard.a(led7seg.o)
 .debug_aranges
                0x000002b8       0x98 C:\Users\yongchenglow\Documents\LPCXpresso_6.1.4_194\workspace\ee2024Assignment2\Lib_EaBaseBoard\Debug\libLib_EaBaseBoard.a(light.o)
 .debug_aranges
                0x00000350       0x90 C:\Users\yongchenglow\Documents\LPCXpresso_6.1.4_194\workspace\ee2024Assignment2\Lib_EaBaseBoard\Debug\libLib_EaBaseBoard.a(oled.o)
 .debug_aranges
                0x000003e0       0x80 C:\Users\yongchenglow\Documents\LPCXpresso_6.1.4_194\workspace\ee2024Assignment2\Lib_EaBaseBoard\Debug\libLib_EaBaseBoard.a(pca9532.o)
 .debug_aranges
                0x00000460       0x28 C:\Users\yongchenglow\Documents\LPCXpresso_6.1.4_194\workspace\ee2024Assignment2\Lib_EaBaseBoard\Debug\libLib_EaBaseBoard.a(rgb.o)
 .debug_aranges
                0x00000488       0xc8 C:\Users\yongchenglow\Documents\LPCXpresso_6.1.4_194\workspace\ee2024Assignment2\Lib_MCU\Debug\libLib_MCU.a(lpc17xx_gpio.o)
 .debug_aranges
                0x00000550       0xd0 C:\Users\yongchenglow\Documents\LPCXpresso_6.1.4_194\workspace\ee2024Assignment2\Lib_MCU\Debug\libLib_MCU.a(lpc17xx_i2c.o)
 .debug_aranges
                0x00000620       0x48 C:\Users\yongchenglow\Documents\LPCXpresso_6.1.4_194\workspace\ee2024Assignment2\Lib_MCU\Debug\libLib_MCU.a(lpc17xx_pinsel.o)
 .debug_aranges
                0x00000668       0xb8 C:\Users\yongchenglow\Documents\LPCXpresso_6.1.4_194\workspace\ee2024Assignment2\Lib_MCU\Debug\libLib_MCU.a(lpc17xx_ssp.o)
 .debug_aranges
                0x00000720      0x130 C:\Users\yongchenglow\Documents\LPCXpresso_6.1.4_194\workspace\ee2024Assignment2\Lib_MCU\Debug\libLib_MCU.a(lpc17xx_uart.o)
 .debug_aranges
                0x00000850       0x60 C:\Users\yongchenglow\Documents\LPCXpresso_6.1.4_194\workspace\ee2024Assignment2\Lib_MCU\Debug\libLib_MCU.a(lpc17xx_clkpwr.o)
 .debug_aranges
                0x000008b0       0x20 c:/nxp/lpcxpresso_6.1.4_194/lpcxpresso/tools/bin/../lib/gcc/arm-none-eabi/4.6.2/../../../../arm-none-eabi/lib/armv7-m\libcr_newlib_semihost.a(_cr_sbrk.o)
 .debug_aranges
                0x000008d0       0x20 c:/nxp/lpcxpresso_6.1.4_194/lpcxpresso/tools/bin/../lib/gcc/arm-none-eabi/4.6.2/../../../../arm-none-eabi/lib/armv7-m\libcr_newlib_semihost.a(_cr_check_heap.o)

.debug_ranges   0x00000000      0x7d0
 .debug_ranges  0x00000000       0x60 ./src/cr_startup_lpc17.o
 .debug_ranges  0x00000060      0x160 ./src/main.o
 .debug_ranges  0x000001c0       0x18 C:\Users\yongchenglow\Documents\LPCXpresso_6.1.4_194\workspace\ee2024Assignment2\Lib_CMSISv1p30_LPC17xx\Debug\libCMSISv1p30_LPC17xx.a(system_LPC17xx.o)
 .debug_ranges  0x000001d8       0x50 C:\Users\yongchenglow\Documents\LPCXpresso_6.1.4_194\workspace\ee2024Assignment2\Lib_EaBaseBoard\Debug\libLib_EaBaseBoard.a(acc.o)
 .debug_ranges  0x00000228       0x18 C:\Users\yongchenglow\Documents\LPCXpresso_6.1.4_194\workspace\ee2024Assignment2\Lib_EaBaseBoard\Debug\libLib_EaBaseBoard.a(joystick.o)
 .debug_ranges  0x00000240       0x18 C:\Users\yongchenglow\Documents\LPCXpresso_6.1.4_194\workspace\ee2024Assignment2\Lib_EaBaseBoard\Debug\libLib_EaBaseBoard.a(led7seg.o)
 .debug_ranges  0x00000258       0x88 C:\Users\yongchenglow\Documents\LPCXpresso_6.1.4_194\workspace\ee2024Assignment2\Lib_EaBaseBoard\Debug\libLib_EaBaseBoard.a(light.o)
 .debug_ranges  0x000002e0       0x80 C:\Users\yongchenglow\Documents\LPCXpresso_6.1.4_194\workspace\ee2024Assignment2\Lib_EaBaseBoard\Debug\libLib_EaBaseBoard.a(oled.o)
 .debug_ranges  0x00000360       0x70 C:\Users\yongchenglow\Documents\LPCXpresso_6.1.4_194\workspace\ee2024Assignment2\Lib_EaBaseBoard\Debug\libLib_EaBaseBoard.a(pca9532.o)
 .debug_ranges  0x000003d0       0x18 C:\Users\yongchenglow\Documents\LPCXpresso_6.1.4_194\workspace\ee2024Assignment2\Lib_EaBaseBoard\Debug\libLib_EaBaseBoard.a(rgb.o)
 .debug_ranges  0x000003e8       0xb8 C:\Users\yongchenglow\Documents\LPCXpresso_6.1.4_194\workspace\ee2024Assignment2\Lib_MCU\Debug\libLib_MCU.a(lpc17xx_gpio.o)
 .debug_ranges  0x000004a0       0xc0 C:\Users\yongchenglow\Documents\LPCXpresso_6.1.4_194\workspace\ee2024Assignment2\Lib_MCU\Debug\libLib_MCU.a(lpc17xx_i2c.o)
 .debug_ranges  0x00000560       0x38 C:\Users\yongchenglow\Documents\LPCXpresso_6.1.4_194\workspace\ee2024Assignment2\Lib_MCU\Debug\libLib_MCU.a(lpc17xx_pinsel.o)
 .debug_ranges  0x00000598       0xa8 C:\Users\yongchenglow\Documents\LPCXpresso_6.1.4_194\workspace\ee2024Assignment2\Lib_MCU\Debug\libLib_MCU.a(lpc17xx_ssp.o)
 .debug_ranges  0x00000640      0x120 C:\Users\yongchenglow\Documents\LPCXpresso_6.1.4_194\workspace\ee2024Assignment2\Lib_MCU\Debug\libLib_MCU.a(lpc17xx_uart.o)
 .debug_ranges  0x00000760       0x50 C:\Users\yongchenglow\Documents\LPCXpresso_6.1.4_194\workspace\ee2024Assignment2\Lib_MCU\Debug\libLib_MCU.a(lpc17xx_clkpwr.o)
 .debug_ranges  0x000007b0       0x10 c:/nxp/lpcxpresso_6.1.4_194/lpcxpresso/tools/bin/../lib/gcc/arm-none-eabi/4.6.2/../../../../arm-none-eabi/lib/armv7-m\libcr_newlib_semihost.a(_cr_sbrk.o)
 .debug_ranges  0x000007c0       0x10 c:/nxp/lpcxpresso_6.1.4_194/lpcxpresso/tools/bin/../lib/gcc/arm-none-eabi/4.6.2/../../../../arm-none-eabi/lib/armv7-m\libcr_newlib_semihost.a(_cr_check_heap.o)

.debug_line     0x00000000     0x6ab5
 .debug_line    0x00000000      0x38c ./src/cr_startup_lpc17.o
 .debug_line    0x0000038c      0xcda ./src/main.o
 .debug_line    0x00001066      0x42b C:\Users\yongchenglow\Documents\LPCXpresso_6.1.4_194\workspace\ee2024Assignment2\Lib_CMSISv1p30_LPC17xx\Debug\libCMSISv1p30_LPC17xx.a(system_LPC17xx.o)
 .debug_line    0x00001491      0x54e C:\Users\yongchenglow\Documents\LPCXpresso_6.1.4_194\workspace\ee2024Assignment2\Lib_EaBaseBoard\Debug\libLib_EaBaseBoard.a(acc.o)
 .debug_line    0x000019df      0x4b9 C:\Users\yongchenglow\Documents\LPCXpresso_6.1.4_194\workspace\ee2024Assignment2\Lib_EaBaseBoard\Debug\libLib_EaBaseBoard.a(joystick.o)
 .debug_line    0x00001e98      0x4c9 C:\Users\yongchenglow\Documents\LPCXpresso_6.1.4_194\workspace\ee2024Assignment2\Lib_EaBaseBoard\Debug\libLib_EaBaseBoard.a(led7seg.o)
 .debug_line    0x00002361      0x5fa C:\Users\yongchenglow\Documents\LPCXpresso_6.1.4_194\workspace\ee2024Assignment2\Lib_EaBaseBoard\Debug\libLib_EaBaseBoard.a(light.o)
 .debug_line    0x0000295b      0x7d3 C:\Users\yongchenglow\Documents\LPCXpresso_6.1.4_194\workspace\ee2024Assignment2\Lib_EaBaseBoard\Debug\libLib_EaBaseBoard.a(oled.o)
 .debug_line    0x0000312e      0x5e5 C:\Users\yongchenglow\Documents\LPCXpresso_6.1.4_194\workspace\ee2024Assignment2\Lib_EaBaseBoard\Debug\libLib_EaBaseBoard.a(pca9532.o)
 .debug_line    0x00003713      0x4a2 C:\Users\yongchenglow\Documents\LPCXpresso_6.1.4_194\workspace\ee2024Assignment2\Lib_EaBaseBoard\Debug\libLib_EaBaseBoard.a(rgb.o)
 .debug_line    0x00003bb5       0xa6 C:\Users\yongchenglow\Documents\LPCXpresso_6.1.4_194\workspace\ee2024Assignment2\Lib_EaBaseBoard\Debug\libLib_EaBaseBoard.a(font5x7.o)
 .debug_line    0x00003c5b      0x626 C:\Users\yongchenglow\Documents\LPCXpresso_6.1.4_194\workspace\ee2024Assignment2\Lib_MCU\Debug\libLib_MCU.a(lpc17xx_gpio.o)
 .debug_line    0x00004281      0x941 C:\Users\yongchenglow\Documents\LPCXpresso_6.1.4_194\workspace\ee2024Assignment2\Lib_MCU\Debug\libLib_MCU.a(lpc17xx_i2c.o)
 .debug_line    0x00004bc2      0x4a5 C:\Users\yongchenglow\Documents\LPCXpresso_6.1.4_194\workspace\ee2024Assignment2\Lib_MCU\Debug\libLib_MCU.a(lpc17xx_pinsel.o)
 .debug_line    0x00005067      0x874 C:\Users\yongchenglow\Documents\LPCXpresso_6.1.4_194\workspace\ee2024Assignment2\Lib_MCU\Debug\libLib_MCU.a(lpc17xx_ssp.o)
 .debug_line    0x000058db      0xbc0 C:\Users\yongchenglow\Documents\LPCXpresso_6.1.4_194\workspace\ee2024Assignment2\Lib_MCU\Debug\libLib_MCU.a(lpc17xx_uart.o)
 .debug_line    0x0000649b      0x506 C:\Users\yongchenglow\Documents\LPCXpresso_6.1.4_194\workspace\ee2024Assignment2\Lib_MCU\Debug\libLib_MCU.a(lpc17xx_clkpwr.o)
 .debug_line    0x000069a1       0xc0 c:/nxp/lpcxpresso_6.1.4_194/lpcxpresso/tools/bin/../lib/gcc/arm-none-eabi/4.6.2/../../../../arm-none-eabi/lib/armv7-m\libcr_newlib_semihost.a(_cr_sbrk.o)
 .debug_line    0x00006a61       0x54 c:/nxp/lpcxpresso_6.1.4_194/lpcxpresso/tools/bin/../lib/gcc/arm-none-eabi/4.6.2/../../../../arm-none-eabi/lib/armv7-m\libcr_newlib_semihost.a(_cr_check_heap.o)

.debug_macinfo  0x00000000    0x95b9e
 .debug_macinfo
                0x00000000     0x2c15 ./src/cr_startup_lpc17.o
 .debug_macinfo
                0x00002c15     0xe691 ./src/main.o
 .debug_macinfo
                0x000112a6     0x83f8 C:\Users\yongchenglow\Documents\LPCXpresso_6.1.4_194\workspace\ee2024Assignment2\Lib_CMSISv1p30_LPC17xx\Debug\libCMSISv1p30_LPC17xx.a(system_LPC17xx.o)
 .debug_macinfo
                0x0001969e     0x8f1b C:\Users\yongchenglow\Documents\LPCXpresso_6.1.4_194\workspace\ee2024Assignment2\Lib_EaBaseBoard\Debug\libLib_EaBaseBoard.a(acc.o)
 .debug_macinfo
                0x000225b9     0x858b C:\Users\yongchenglow\Documents\LPCXpresso_6.1.4_194\workspace\ee2024Assignment2\Lib_EaBaseBoard\Debug\libLib_EaBaseBoard.a(joystick.o)
 .debug_macinfo
                0x0002ab44     0x96a3 C:\Users\yongchenglow\Documents\LPCXpresso_6.1.4_194\workspace\ee2024Assignment2\Lib_EaBaseBoard\Debug\libLib_EaBaseBoard.a(led7seg.o)
 .debug_macinfo
                0x000341e7     0x8e3a C:\Users\yongchenglow\Documents\LPCXpresso_6.1.4_194\workspace\ee2024Assignment2\Lib_EaBaseBoard\Debug\libLib_EaBaseBoard.a(light.o)
 .debug_macinfo
                0x0003d021     0xa143 C:\Users\yongchenglow\Documents\LPCXpresso_6.1.4_194\workspace\ee2024Assignment2\Lib_EaBaseBoard\Debug\libLib_EaBaseBoard.a(oled.o)
 .debug_macinfo
                0x00047164     0x8e59 C:\Users\yongchenglow\Documents\LPCXpresso_6.1.4_194\workspace\ee2024Assignment2\Lib_EaBaseBoard\Debug\libLib_EaBaseBoard.a(pca9532.o)
 .debug_macinfo
                0x0004ffbd     0x854c C:\Users\yongchenglow\Documents\LPCXpresso_6.1.4_194\workspace\ee2024Assignment2\Lib_EaBaseBoard\Debug\libLib_EaBaseBoard.a(rgb.o)
 .debug_macinfo
                0x00058509     0x332a C:\Users\yongchenglow\Documents\LPCXpresso_6.1.4_194\workspace\ee2024Assignment2\Lib_EaBaseBoard\Debug\libLib_EaBaseBoard.a(font5x7.o)
 .debug_macinfo
                0x0005b833     0x86b8 C:\Users\yongchenglow\Documents\LPCXpresso_6.1.4_194\workspace\ee2024Assignment2\Lib_MCU\Debug\libLib_MCU.a(lpc17xx_gpio.o)
 .debug_macinfo
                0x00063eeb     0xa5d8 C:\Users\yongchenglow\Documents\LPCXpresso_6.1.4_194\workspace\ee2024Assignment2\Lib_MCU\Debug\libLib_MCU.a(lpc17xx_i2c.o)
 .debug_macinfo
                0x0006e4c3     0x87d3 C:\Users\yongchenglow\Documents\LPCXpresso_6.1.4_194\workspace\ee2024Assignment2\Lib_MCU\Debug\libLib_MCU.a(lpc17xx_pinsel.o)
 .debug_macinfo
                0x00076c96     0xa8d0 C:\Users\yongchenglow\Documents\LPCXpresso_6.1.4_194\workspace\ee2024Assignment2\Lib_MCU\Debug\libLib_MCU.a(lpc17xx_ssp.o)
 .debug_macinfo
                0x00081566     0xb03f C:\Users\yongchenglow\Documents\LPCXpresso_6.1.4_194\workspace\ee2024Assignment2\Lib_MCU\Debug\libLib_MCU.a(lpc17xx_uart.o)
 .debug_macinfo
                0x0008c5a5     0x95f9 C:\Users\yongchenglow\Documents\LPCXpresso_6.1.4_194\workspace\ee2024Assignment2\Lib_MCU\Debug\libLib_MCU.a(lpc17xx_clkpwr.o)

.debug_str      0x00000000     0x2d74
 .debug_str     0x00000000      0x1ee ./src/cr_startup_lpc17.o
                                0x228 (size before relaxing)
 .debug_str     0x000001ee      0xd37 ./src/main.o
                                0xed2 (size before relaxing)
 .debug_str     0x00000f25       0xae C:\Users\yongchenglow\Documents\LPCXpresso_6.1.4_194\workspace\ee2024Assignment2\Lib_CMSISv1p30_LPC17xx\Debug\libCMSISv1p30_LPC17xx.a(system_LPC17xx.o)
                                0x2c0 (size before relaxing)
 .debug_str     0x00000fd3      0x23d C:\Users\yongchenglow\Documents\LPCXpresso_6.1.4_194\workspace\ee2024Assignment2\Lib_EaBaseBoard\Debug\libLib_EaBaseBoard.a(acc.o)
                                0x3bc (size before relaxing)
 .debug_str     0x00001210       0x3a C:\Users\yongchenglow\Documents\LPCXpresso_6.1.4_194\workspace\ee2024Assignment2\Lib_EaBaseBoard\Debug\libLib_EaBaseBoard.a(joystick.o)
                                0x18d (size before relaxing)
 .debug_str     0x0000124a       0x95 C:\Users\yongchenglow\Documents\LPCXpresso_6.1.4_194\workspace\ee2024Assignment2\Lib_EaBaseBoard\Debug\libLib_EaBaseBoard.a(led7seg.o)
                                0x228 (size before relaxing)
 .debug_str     0x000012df      0x1cb C:\Users\yongchenglow\Documents\LPCXpresso_6.1.4_194\workspace\ee2024Assignment2\Lib_EaBaseBoard\Debug\libLib_EaBaseBoard.a(light.o)
                                0x521 (size before relaxing)
 .debug_str     0x000014aa      0x1b2 C:\Users\yongchenglow\Documents\LPCXpresso_6.1.4_194\workspace\ee2024Assignment2\Lib_EaBaseBoard\Debug\libLib_EaBaseBoard.a(oled.o)
                                0x3d9 (size before relaxing)
 .debug_str     0x0000165c      0x136 C:\Users\yongchenglow\Documents\LPCXpresso_6.1.4_194\workspace\ee2024Assignment2\Lib_EaBaseBoard\Debug\libLib_EaBaseBoard.a(pca9532.o)
                                0x413 (size before relaxing)
 .debug_str     0x00001792       0x22 C:\Users\yongchenglow\Documents\LPCXpresso_6.1.4_194\workspace\ee2024Assignment2\Lib_EaBaseBoard\Debug\libLib_EaBaseBoard.a(rgb.o)
                                0x16d (size before relaxing)
 .debug_str     0x000017b4       0x11 C:\Users\yongchenglow\Documents\LPCXpresso_6.1.4_194\workspace\ee2024Assignment2\Lib_EaBaseBoard\Debug\libLib_EaBaseBoard.a(font5x7.o)
                                 0xe4 (size before relaxing)
 .debug_str     0x000017c5      0x39d C:\Users\yongchenglow\Documents\LPCXpresso_6.1.4_194\workspace\ee2024Assignment2\Lib_MCU\Debug\libLib_MCU.a(lpc17xx_gpio.o)
                                0x495 (size before relaxing)
 .debug_str     0x00001b62      0x2f9 C:\Users\yongchenglow\Documents\LPCXpresso_6.1.4_194\workspace\ee2024Assignment2\Lib_MCU\Debug\libLib_MCU.a(lpc17xx_i2c.o)
                                0x82b (size before relaxing)
 .debug_str     0x00001e5b      0x214 C:\Users\yongchenglow\Documents\LPCXpresso_6.1.4_194\workspace\ee2024Assignment2\Lib_MCU\Debug\libLib_MCU.a(lpc17xx_pinsel.o)
                                0x3ca (size before relaxing)
 .debug_str     0x0000206f      0x209 C:\Users\yongchenglow\Documents\LPCXpresso_6.1.4_194\workspace\ee2024Assignment2\Lib_MCU\Debug\libLib_MCU.a(lpc17xx_ssp.o)
                                0x4a8 (size before relaxing)
 .debug_str     0x00002278      0x930 C:\Users\yongchenglow\Documents\LPCXpresso_6.1.4_194\workspace\ee2024Assignment2\Lib_MCU\Debug\libLib_MCU.a(lpc17xx_uart.o)
                                0xc7e (size before relaxing)
 .debug_str     0x00002ba8       0xcb C:\Users\yongchenglow\Documents\LPCXpresso_6.1.4_194\workspace\ee2024Assignment2\Lib_MCU\Debug\libLib_MCU.a(lpc17xx_clkpwr.o)
                                0x3c6 (size before relaxing)
 .debug_str     0x00002c73       0xbc c:/nxp/lpcxpresso_6.1.4_194/lpcxpresso/tools/bin/../lib/gcc/arm-none-eabi/4.6.2/../../../../arm-none-eabi/lib/armv7-m\libcr_newlib_semihost.a(_cr_sbrk.o)
                                0x145 (size before relaxing)
 .debug_str     0x00002d2f       0x45 c:/nxp/lpcxpresso_6.1.4_194/lpcxpresso/tools/bin/../lib/gcc/arm-none-eabi/4.6.2/../../../../arm-none-eabi/lib/armv7-m\libcr_newlib_semihost.a(_cr_check_heap.o)
                                 0xd1 (size before relaxing)

.comment        0x00000000       0x9a
 .comment       0x00000000       0x70 ./src/cr_startup_lpc17.o
                                 0x71 (size before relaxing)
 .comment       0x00000000       0x71 ./src/main.o
 .comment       0x00000000       0x71 C:\Users\yongchenglow\Documents\LPCXpresso_6.1.4_194\workspace\ee2024Assignment2\Lib_CMSISv1p30_LPC17xx\Debug\libCMSISv1p30_LPC17xx.a(system_LPC17xx.o)
 .comment       0x00000000       0x71 C:\Users\yongchenglow\Documents\LPCXpresso_6.1.4_194\workspace\ee2024Assignment2\Lib_EaBaseBoard\Debug\libLib_EaBaseBoard.a(acc.o)
 .comment       0x00000000       0x71 C:\Users\yongchenglow\Documents\LPCXpresso_6.1.4_194\workspace\ee2024Assignment2\Lib_EaBaseBoard\Debug\libLib_EaBaseBoard.a(joystick.o)
 .comment       0x00000000       0x71 C:\Users\yongchenglow\Documents\LPCXpresso_6.1.4_194\workspace\ee2024Assignment2\Lib_EaBaseBoard\Debug\libLib_EaBaseBoard.a(led7seg.o)
 .comment       0x00000000       0x71 C:\Users\yongchenglow\Documents\LPCXpresso_6.1.4_194\workspace\ee2024Assignment2\Lib_EaBaseBoard\Debug\libLib_EaBaseBoard.a(light.o)
 .comment       0x00000000       0x71 C:\Users\yongchenglow\Documents\LPCXpresso_6.1.4_194\workspace\ee2024Assignment2\Lib_EaBaseBoard\Debug\libLib_EaBaseBoard.a(oled.o)
 .comment       0x00000000       0x71 C:\Users\yongchenglow\Documents\LPCXpresso_6.1.4_194\workspace\ee2024Assignment2\Lib_EaBaseBoard\Debug\libLib_EaBaseBoard.a(pca9532.o)
 .comment       0x00000000       0x71 C:\Users\yongchenglow\Documents\LPCXpresso_6.1.4_194\workspace\ee2024Assignment2\Lib_EaBaseBoard\Debug\libLib_EaBaseBoard.a(rgb.o)
 .comment       0x00000000       0x71 C:\Users\yongchenglow\Documents\LPCXpresso_6.1.4_194\workspace\ee2024Assignment2\Lib_EaBaseBoard\Debug\libLib_EaBaseBoard.a(font5x7.o)
 .comment       0x00000000       0x71 C:\Users\yongchenglow\Documents\LPCXpresso_6.1.4_194\workspace\ee2024Assignment2\Lib_MCU\Debug\libLib_MCU.a(lpc17xx_gpio.o)
 .comment       0x00000000       0x71 C:\Users\yongchenglow\Documents\LPCXpresso_6.1.4_194\workspace\ee2024Assignment2\Lib_MCU\Debug\libLib_MCU.a(lpc17xx_i2c.o)
 .comment       0x00000000       0x71 C:\Users\yongchenglow\Documents\LPCXpresso_6.1.4_194\workspace\ee2024Assignment2\Lib_MCU\Debug\libLib_MCU.a(lpc17xx_pinsel.o)
 .comment       0x00000000       0x71 C:\Users\yongchenglow\Documents\LPCXpresso_6.1.4_194\workspace\ee2024Assignment2\Lib_MCU\Debug\libLib_MCU.a(lpc17xx_ssp.o)
 .comment       0x00000000       0x71 C:\Users\yongchenglow\Documents\LPCXpresso_6.1.4_194\workspace\ee2024Assignment2\Lib_MCU\Debug\libLib_MCU.a(lpc17xx_uart.o)
 .comment       0x00000000       0x71 C:\Users\yongchenglow\Documents\LPCXpresso_6.1.4_194\workspace\ee2024Assignment2\Lib_MCU\Debug\libLib_MCU.a(lpc17xx_clkpwr.o)
 .comment       0x00000070       0x2a c:/nxp/lpcxpresso_6.1.4_194/lpcxpresso/tools/bin/../lib/gcc/arm-none-eabi/4.6.2/../../../../arm-none-eabi/lib/armv7-m\libcr_newlib_semihost.a(_cr_sbrk.o)
                                 0x2b (size before relaxing)
 .comment       0x00000000       0x2b c:/nxp/lpcxpresso_6.1.4_194/lpcxpresso/tools/bin/../lib/gcc/arm-none-eabi/4.6.2/../../../../arm-none-eabi/lib/armv7-m\libcr_newlib_semihost.a(_cr_check_heap.o)

.ARM.attributes
                0x00000000       0x33
 .ARM.attributes
                0x00000000       0x33 ./src/cr_startup_lpc17.o
 .ARM.attributes
                0x00000033       0x33 ./src/main.o
 .ARM.attributes
                0x00000066       0x33 C:\Users\yongchenglow\Documents\LPCXpresso_6.1.4_194\workspace\ee2024Assignment2\Lib_CMSISv1p30_LPC17xx\Debug\libCMSISv1p30_LPC17xx.a(system_LPC17xx.o)
 .ARM.attributes
                0x00000099       0x33 C:\Users\yongchenglow\Documents\LPCXpresso_6.1.4_194\workspace\ee2024Assignment2\Lib_EaBaseBoard\Debug\libLib_EaBaseBoard.a(acc.o)
 .ARM.attributes
                0x000000cc       0x33 C:\Users\yongchenglow\Documents\LPCXpresso_6.1.4_194\workspace\ee2024Assignment2\Lib_EaBaseBoard\Debug\libLib_EaBaseBoard.a(joystick.o)
 .ARM.attributes
                0x000000ff       0x33 C:\Users\yongchenglow\Documents\LPCXpresso_6.1.4_194\workspace\ee2024Assignment2\Lib_EaBaseBoard\Debug\libLib_EaBaseBoard.a(led7seg.o)
 .ARM.attributes
                0x00000132       0x33 C:\Users\yongchenglow\Documents\LPCXpresso_6.1.4_194\workspace\ee2024Assignment2\Lib_EaBaseBoard\Debug\libLib_EaBaseBoard.a(light.o)
 .ARM.attributes
                0x00000165       0x33 C:\Users\yongchenglow\Documents\LPCXpresso_6.1.4_194\workspace\ee2024Assignment2\Lib_EaBaseBoard\Debug\libLib_EaBaseBoard.a(oled.o)
 .ARM.attributes
                0x00000198       0x33 C:\Users\yongchenglow\Documents\LPCXpresso_6.1.4_194\workspace\ee2024Assignment2\Lib_EaBaseBoard\Debug\libLib_EaBaseBoard.a(pca9532.o)
 .ARM.attributes
                0x000001cb       0x33 C:\Users\yongchenglow\Documents\LPCXpresso_6.1.4_194\workspace\ee2024Assignment2\Lib_EaBaseBoard\Debug\libLib_EaBaseBoard.a(rgb.o)
 .ARM.attributes
                0x000001fe       0x33 C:\Users\yongchenglow\Documents\LPCXpresso_6.1.4_194\workspace\ee2024Assignment2\Lib_EaBaseBoard\Debug\libLib_EaBaseBoard.a(font5x7.o)
 .ARM.attributes
                0x00000231       0x33 C:\Users\yongchenglow\Documents\LPCXpresso_6.1.4_194\workspace\ee2024Assignment2\Lib_MCU\Debug\libLib_MCU.a(lpc17xx_gpio.o)
 .ARM.attributes
                0x00000264       0x33 C:\Users\yongchenglow\Documents\LPCXpresso_6.1.4_194\workspace\ee2024Assignment2\Lib_MCU\Debug\libLib_MCU.a(lpc17xx_i2c.o)
 .ARM.attributes
                0x00000297       0x33 C:\Users\yongchenglow\Documents\LPCXpresso_6.1.4_194\workspace\ee2024Assignment2\Lib_MCU\Debug\libLib_MCU.a(lpc17xx_pinsel.o)
 .ARM.attributes
                0x000002ca       0x33 C:\Users\yongchenglow\Documents\LPCXpresso_6.1.4_194\workspace\ee2024Assignment2\Lib_MCU\Debug\libLib_MCU.a(lpc17xx_ssp.o)
 .ARM.attributes
                0x000002fd       0x33 C:\Users\yongchenglow\Documents\LPCXpresso_6.1.4_194\workspace\ee2024Assignment2\Lib_MCU\Debug\libLib_MCU.a(lpc17xx_uart.o)
 .ARM.attributes
                0x00000330       0x33 C:\Users\yongchenglow\Documents\LPCXpresso_6.1.4_194\workspace\ee2024Assignment2\Lib_MCU\Debug\libLib_MCU.a(lpc17xx_clkpwr.o)
 .ARM.attributes
                0x00000363       0x1d c:/nxp/lpcxpresso_6.1.4_194/lpcxpresso/tools/bin/../lib/gcc/arm-none-eabi/4.6.2/armv7-m\libgcc.a(_arm_addsubdf3.o)
 .ARM.attributes
                0x00000380       0x1d c:/nxp/lpcxpresso_6.1.4_194/lpcxpresso/tools/bin/../lib/gcc/arm-none-eabi/4.6.2/armv7-m\libgcc.a(_arm_muldivdf3.o)
 .ARM.attributes
                0x0000039d       0x1d c:/nxp/lpcxpresso_6.1.4_194/lpcxpresso/tools/bin/../lib/gcc/arm-none-eabi/4.6.2/armv7-m\libgcc.a(_arm_cmpdf2.o)
 .ARM.attributes
                0x000003ba       0x1d c:/nxp/lpcxpresso_6.1.4_194/lpcxpresso/tools/bin/../lib/gcc/arm-none-eabi/4.6.2/armv7-m\libgcc.a(_aeabi_uldivmod.o)
 .ARM.attributes
                0x000003d7       0x2d c:/nxp/lpcxpresso_6.1.4_194/lpcxpresso/tools/bin/../lib/gcc/arm-none-eabi/4.6.2/armv7-m\libgcc.a(bpabi.o)
 .ARM.attributes
                0x00000404       0x1d c:/nxp/lpcxpresso_6.1.4_194/lpcxpresso/tools/bin/../lib/gcc/arm-none-eabi/4.6.2/armv7-m\libgcc.a(_dvmd_tls.o)
 .ARM.attributes
                0x00000421       0x2d c:/nxp/lpcxpresso_6.1.4_194/lpcxpresso/tools/bin/../lib/gcc/arm-none-eabi/4.6.2/armv7-m\libgcc.a(_divdi3.o)
 .ARM.attributes
                0x0000044e       0x2d c:/nxp/lpcxpresso_6.1.4_194/lpcxpresso/tools/bin/../lib/gcc/arm-none-eabi/4.6.2/armv7-m\libgcc.a(_udivdi3.o)
 .ARM.attributes
                0x0000047b       0x2d c:/nxp/lpcxpresso_6.1.4_194/lpcxpresso/tools/bin/../lib/gcc/arm-none-eabi/4.6.2/../../../../arm-none-eabi/lib/armv7-m\libc.a(lib_a-abs.o)
 .ARM.attributes
                0x000004a8       0x2d c:/nxp/lpcxpresso_6.1.4_194/lpcxpresso/tools/bin/../lib/gcc/arm-none-eabi/4.6.2/../../../../arm-none-eabi/lib/armv7-m\libc.a(lib_a-memset.o)
 .ARM.attributes
                0x000004d5       0x2d c:/nxp/lpcxpresso_6.1.4_194/lpcxpresso/tools/bin/../lib/gcc/arm-none-eabi/4.6.2/../../../../arm-none-eabi/lib/armv7-m\libc.a(lib_a-sprintf.o)
 .ARM.attributes
                0x00000502       0x2d c:/nxp/lpcxpresso_6.1.4_194/lpcxpresso/tools/bin/../lib/gcc/arm-none-eabi/4.6.2/../../../../arm-none-eabi/lib/armv7-m\libc.a(lib_a-strlen.o)
 .ARM.attributes
                0x0000052f       0x2d c:/nxp/lpcxpresso_6.1.4_194/lpcxpresso/tools/bin/../lib/gcc/arm-none-eabi/4.6.2/../../../../arm-none-eabi/lib/armv7-m\libc.a(lib_a-svfprintf.o)
 .ARM.attributes
                0x0000055c       0x2d c:/nxp/lpcxpresso_6.1.4_194/lpcxpresso/tools/bin/../lib/gcc/arm-none-eabi/4.6.2/../../../../arm-none-eabi/lib/armv7-m\libc.a(lib_a-dtoa.o)
 .ARM.attributes
                0x00000589       0x2d c:/nxp/lpcxpresso_6.1.4_194/lpcxpresso/tools/bin/../lib/gcc/arm-none-eabi/4.6.2/../../../../arm-none-eabi/lib/armv7-m\libc.a(lib_a-impure.o)
 .ARM.attributes
                0x000005b6       0x2d c:/nxp/lpcxpresso_6.1.4_194/lpcxpresso/tools/bin/../lib/gcc/arm-none-eabi/4.6.2/../../../../arm-none-eabi/lib/armv7-m\libc.a(lib_a-locale.o)
 .ARM.attributes
                0x000005e3       0x2d c:/nxp/lpcxpresso_6.1.4_194/lpcxpresso/tools/bin/../lib/gcc/arm-none-eabi/4.6.2/../../../../arm-none-eabi/lib/armv7-m\libc.a(lib_a-mallocr.o)
 .ARM.attributes
                0x00000610       0x2d c:/nxp/lpcxpresso_6.1.4_194/lpcxpresso/tools/bin/../lib/gcc/arm-none-eabi/4.6.2/../../../../arm-none-eabi/lib/armv7-m\libc.a(lib_a-memchr.o)
 .ARM.attributes
                0x0000063d       0x2d c:/nxp/lpcxpresso_6.1.4_194/lpcxpresso/tools/bin/../lib/gcc/arm-none-eabi/4.6.2/../../../../arm-none-eabi/lib/armv7-m\libc.a(lib_a-memcpy.o)
 .ARM.attributes
                0x0000066a       0x2d c:/nxp/lpcxpresso_6.1.4_194/lpcxpresso/tools/bin/../lib/gcc/arm-none-eabi/4.6.2/../../../../arm-none-eabi/lib/armv7-m\libc.a(lib_a-mlock.o)
 .ARM.attributes
                0x00000697       0x2d c:/nxp/lpcxpresso_6.1.4_194/lpcxpresso/tools/bin/../lib/gcc/arm-none-eabi/4.6.2/../../../../arm-none-eabi/lib/armv7-m\libc.a(lib_a-mprec.o)
 .ARM.attributes
                0x000006c4       0x2d c:/nxp/lpcxpresso_6.1.4_194/lpcxpresso/tools/bin/../lib/gcc/arm-none-eabi/4.6.2/../../../../arm-none-eabi/lib/armv7-m\libc.a(lib_a-s_fpclassify.o)
 .ARM.attributes
                0x000006f1       0x2d c:/nxp/lpcxpresso_6.1.4_194/lpcxpresso/tools/bin/../lib/gcc/arm-none-eabi/4.6.2/../../../../arm-none-eabi/lib/armv7-m\libc.a(lib_a-sbrkr.o)
 .ARM.attributes
                0x0000071e       0x2d c:/nxp/lpcxpresso_6.1.4_194/lpcxpresso/tools/bin/../lib/gcc/arm-none-eabi/4.6.2/../../../../arm-none-eabi/lib/armv7-m\libc.a(lib_a-strcmp.o)
 .ARM.attributes
                0x0000074b       0x2d c:/nxp/lpcxpresso_6.1.4_194/lpcxpresso/tools/bin/../lib/gcc/arm-none-eabi/4.6.2/../../../../arm-none-eabi/lib/armv7-m\libc.a(lib_a-svfiprintf.o)
 .ARM.attributes
                0x00000778       0x2d c:/nxp/lpcxpresso_6.1.4_194/lpcxpresso/tools/bin/../lib/gcc/arm-none-eabi/4.6.2/../../../../arm-none-eabi/lib/armv7-m\libc.a(lib_a-callocr.o)
 .ARM.attributes
                0x000007a5       0x2d c:/nxp/lpcxpresso_6.1.4_194/lpcxpresso/tools/bin/../lib/gcc/arm-none-eabi/4.6.2/../../../../arm-none-eabi/lib/armv7-m\libc.a(lib_a-freer.o)
 .ARM.attributes
                0x000007d2       0x2d c:/nxp/lpcxpresso_6.1.4_194/lpcxpresso/tools/bin/../lib/gcc/arm-none-eabi/4.6.2/../../../../arm-none-eabi/lib/armv7-m\libc.a(lib_a-memmove.o)
 .ARM.attributes
                0x000007ff       0x2d c:/nxp/lpcxpresso_6.1.4_194/lpcxpresso/tools/bin/../lib/gcc/arm-none-eabi/4.6.2/../../../../arm-none-eabi/lib/armv7-m\libc.a(lib_a-reallocr.o)
 .ARM.attributes
                0x0000082c       0x2d c:/nxp/lpcxpresso_6.1.4_194/lpcxpresso/tools/bin/../lib/gcc/arm-none-eabi/4.6.2/../../../../arm-none-eabi/lib/armv7-m\libc.a(lib_a-reent.o)
 .ARM.attributes
                0x00000859       0x31 c:/nxp/lpcxpresso_6.1.4_194/lpcxpresso/tools/bin/../lib/gcc/arm-none-eabi/4.6.2/../../../../arm-none-eabi/lib/armv7-m\libcr_newlib_semihost.a(_cr_sbrk.o)
 .ARM.attributes
                0x0000088a       0x31 c:/nxp/lpcxpresso_6.1.4_194/lpcxpresso/tools/bin/../lib/gcc/arm-none-eabi/4.6.2/../../../../arm-none-eabi/lib/armv7-m\libcr_newlib_semihost.a(_cr_check_heap.o)
 .ARM.attributes
                0x000008bb       0x1d c:/nxp/lpcxpresso_6.1.4_194/lpcxpresso/tools/bin/../lib/gcc/arm-none-eabi/4.6.2/armv7-m\libgcc.a(_arm_fixdfsi.o)
 .ARM.attributes
                0x000008d8       0x2d c:/nxp/lpcxpresso_6.1.4_194/lpcxpresso/tools/bin/../lib/gcc/arm-none-eabi/4.6.2/../../../../arm-none-eabi/lib/armv7-m\libc.a(lib_a-errno.o)

.debug_frame    0x00000000     0x2458
 .debug_frame   0x00000000      0x120 ./src/cr_startup_lpc17.o
 .debug_frame   0x00000120      0x4ec ./src/main.o
 .debug_frame   0x0000060c       0x48 C:\Users\yongchenglow\Documents\LPCXpresso_6.1.4_194\workspace\ee2024Assignment2\Lib_CMSISv1p30_LPC17xx\Debug\libCMSISv1p30_LPC17xx.a(system_LPC17xx.o)
 .debug_frame   0x00000654      0x12c C:\Users\yongchenglow\Documents\LPCXpresso_6.1.4_194\workspace\ee2024Assignment2\Lib_EaBaseBoard\Debug\libLib_EaBaseBoard.a(acc.o)
 .debug_frame   0x00000780       0x4c C:\Users\yongchenglow\Documents\LPCXpresso_6.1.4_194\workspace\ee2024Assignment2\Lib_EaBaseBoard\Debug\libLib_EaBaseBoard.a(joystick.o)
 .debug_frame   0x000007cc       0x4c C:\Users\yongchenglow\Documents\LPCXpresso_6.1.4_194\workspace\ee2024Assignment2\Lib_EaBaseBoard\Debug\libLib_EaBaseBoard.a(led7seg.o)
 .debug_frame   0x00000818      0x208 C:\Users\yongchenglow\Documents\LPCXpresso_6.1.4_194\workspace\ee2024Assignment2\Lib_EaBaseBoard\Debug\libLib_EaBaseBoard.a(light.o)
 .debug_frame   0x00000a20      0x1ec C:\Users\yongchenglow\Documents\LPCXpresso_6.1.4_194\workspace\ee2024Assignment2\Lib_EaBaseBoard\Debug\libLib_EaBaseBoard.a(oled.o)
 .debug_frame   0x00000c0c      0x1a8 C:\Users\yongchenglow\Documents\LPCXpresso_6.1.4_194\workspace\ee2024Assignment2\Lib_EaBaseBoard\Debug\libLib_EaBaseBoard.a(pca9532.o)
 .debug_frame   0x00000db4       0x4c C:\Users\yongchenglow\Documents\LPCXpresso_6.1.4_194\workspace\ee2024Assignment2\Lib_EaBaseBoard\Debug\libLib_EaBaseBoard.a(rgb.o)
 .debug_frame   0x00000e00      0x2c4 C:\Users\yongchenglow\Documents\LPCXpresso_6.1.4_194\workspace\ee2024Assignment2\Lib_MCU\Debug\libLib_MCU.a(lpc17xx_gpio.o)
 .debug_frame   0x000010c4      0x2c8 C:\Users\yongchenglow\Documents\LPCXpresso_6.1.4_194\workspace\ee2024Assignment2\Lib_MCU\Debug\libLib_MCU.a(lpc17xx_i2c.o)
 .debug_frame   0x0000138c       0xbc C:\Users\yongchenglow\Documents\LPCXpresso_6.1.4_194\workspace\ee2024Assignment2\Lib_MCU\Debug\libLib_MCU.a(lpc17xx_pinsel.o)
 .debug_frame   0x00001448      0x280 C:\Users\yongchenglow\Documents\LPCXpresso_6.1.4_194\workspace\ee2024Assignment2\Lib_MCU\Debug\libLib_MCU.a(lpc17xx_ssp.o)
 .debug_frame   0x000016c8      0x44c C:\Users\yongchenglow\Documents\LPCXpresso_6.1.4_194\workspace\ee2024Assignment2\Lib_MCU\Debug\libLib_MCU.a(lpc17xx_uart.o)
 .debug_frame   0x00001b14      0x10c C:\Users\yongchenglow\Documents\LPCXpresso_6.1.4_194\workspace\ee2024Assignment2\Lib_MCU\Debug\libLib_MCU.a(lpc17xx_clkpwr.o)
 .debug_frame   0x00001c20       0x50 c:/nxp/lpcxpresso_6.1.4_194/lpcxpresso/tools/bin/../lib/gcc/arm-none-eabi/4.6.2/armv7-m\libgcc.a(bpabi.o)
 .debug_frame   0x00001c70       0x34 c:/nxp/lpcxpresso_6.1.4_194/lpcxpresso/tools/bin/../lib/gcc/arm-none-eabi/4.6.2/armv7-m\libgcc.a(_divdi3.o)
 .debug_frame   0x00001ca4       0x34 c:/nxp/lpcxpresso_6.1.4_194/lpcxpresso/tools/bin/../lib/gcc/arm-none-eabi/4.6.2/armv7-m\libgcc.a(_udivdi3.o)
 .debug_frame   0x00001cd8       0x20 c:/nxp/lpcxpresso_6.1.4_194/lpcxpresso/tools/bin/../lib/gcc/arm-none-eabi/4.6.2/../../../../arm-none-eabi/lib/armv7-m\libc.a(lib_a-abs.o)
 .debug_frame   0x00001cf8       0x2c c:/nxp/lpcxpresso_6.1.4_194/lpcxpresso/tools/bin/../lib/gcc/arm-none-eabi/4.6.2/../../../../arm-none-eabi/lib/armv7-m\libc.a(lib_a-memset.o)
 .debug_frame   0x00001d24       0x64 c:/nxp/lpcxpresso_6.1.4_194/lpcxpresso/tools/bin/../lib/gcc/arm-none-eabi/4.6.2/../../../../arm-none-eabi/lib/armv7-m\libc.a(lib_a-sprintf.o)
 .debug_frame   0x00001d88       0x20 c:/nxp/lpcxpresso_6.1.4_194/lpcxpresso/tools/bin/../lib/gcc/arm-none-eabi/4.6.2/../../../../arm-none-eabi/lib/armv7-m\libc.a(lib_a-strlen.o)
 .debug_frame   0x00001da8       0x3c c:/nxp/lpcxpresso_6.1.4_194/lpcxpresso/tools/bin/../lib/gcc/arm-none-eabi/4.6.2/../../../../arm-none-eabi/lib/armv7-m\libc.a(lib_a-svfprintf.o)
 .debug_frame   0x00001de4       0x64 c:/nxp/lpcxpresso_6.1.4_194/lpcxpresso/tools/bin/../lib/gcc/arm-none-eabi/4.6.2/../../../../arm-none-eabi/lib/armv7-m\libc.a(lib_a-dtoa.o)
 .debug_frame   0x00001e48       0x98 c:/nxp/lpcxpresso_6.1.4_194/lpcxpresso/tools/bin/../lib/gcc/arm-none-eabi/4.6.2/../../../../arm-none-eabi/lib/armv7-m\libc.a(lib_a-locale.o)